<!doctype html public "-//w3c//dtd html 4.0 transitional//en">
<html><head>
<title>Static Call Graph - [HAL_MDK\HAL_MDK.axf]</title></head>
<body><HR>
<H1>Static Call Graph for image HAL_MDK\HAL_MDK.axf</H1><HR>
<BR><P>#&#060CALLGRAPH&#062# ARM Linker, 5060960: Last Updated: Thu Feb 20 00:44:19 2025
<BR><P>
<H3>Maximum Stack Usage =       6240 bytes + Unknown(Cycles, Untraceable Function Pointers)</H3><H3>
Call chain for Maximum Stack Depth:</H3>
DjiUser_StartTask &rArr; DjiCore_Init &rArr; DjiAccessAdapter_Init &rArr; DjiAccessAdapter_IdentifyUart0InfoAndAircraftSeries &rArr; DjiAccessAdapter_CheckUserUartBaudRateAndAircraftSeries &rArr; DjiLinker_RecvMsg &rArr; DjiMsgq_Recv &rArr; DjiLogger_Output &rArr; __2snprintf
<P>
<H3>
Mutually Recursive functions
</H3> <LI><a href="#[7c]">ADC_IRQHandler</a>&nbsp;&nbsp;&nbsp;&rArr;&nbsp;&nbsp;&nbsp;<a href="#[7c]">ADC_IRQHandler</a><BR>
 <LI><a href="#[64]">BusFault_Handler</a>&nbsp;&nbsp;&nbsp;&rArr;&nbsp;&nbsp;&nbsp;<a href="#[64]">BusFault_Handler</a><BR>
 <LI><a href="#[2e4]">cJSON_Delete</a>&nbsp;&nbsp;&nbsp;&rArr;&nbsp;&nbsp;&nbsp;<a href="#[2e4]">cJSON_Delete</a><BR>
 <LI><a href="#[3d7]">parse_object</a>&nbsp;&nbsp;&nbsp;&rArr;&nbsp;&nbsp;&nbsp;<a href="#[3b2]">parse_value</a><BR>
 <LI><a href="#[3d3]">parse_array</a>&nbsp;&nbsp;&nbsp;&rArr;&nbsp;&nbsp;&nbsp;<a href="#[3b2]">parse_value</a><BR>
 <LI><a href="#[62]">HardFault_Handler</a>&nbsp;&nbsp;&nbsp;&rArr;&nbsp;&nbsp;&nbsp;<a href="#[62]">HardFault_Handler</a><BR>
 <LI><a href="#[63]">MemManage_Handler</a>&nbsp;&nbsp;&nbsp;&rArr;&nbsp;&nbsp;&nbsp;<a href="#[63]">MemManage_Handler</a><BR>
 <LI><a href="#[61]">NMI_Handler</a>&nbsp;&nbsp;&nbsp;&rArr;&nbsp;&nbsp;&nbsp;<a href="#[61]">NMI_Handler</a><BR>
 <LI><a href="#[65]">UsageFault_Handler</a>&nbsp;&nbsp;&nbsp;&rArr;&nbsp;&nbsp;&nbsp;<a href="#[65]">UsageFault_Handler</a><BR>
 <LI><a href="#[353]">UART_EndRxTransfer</a>&nbsp;&nbsp;&nbsp;&rArr;&nbsp;&nbsp;&nbsp;<a href="#[353]">UART_EndRxTransfer</a><BR>
 <LI><a href="#[270]">DjiFileSearcher_SearchFile</a>&nbsp;&nbsp;&nbsp;&rArr;&nbsp;&nbsp;&nbsp;<a href="#[270]">DjiFileSearcher_SearchFile</a><BR>
</UL>
<P>
<H3>
Function Pointers
</H3><UL>
 <LI><a href="#[7c]">ADC_IRQHandler</a> from startup_stm32f407xx.o(.text) referenced from startup_stm32f407xx.o(RESET)
 <LI><a href="#[64]">BusFault_Handler</a> from stm32f4xx_it.o(i.BusFault_Handler) referenced from startup_stm32f407xx.o(RESET)
 <LI><a href="#[7e]">CAN1_RX0_IRQHandler</a> from startup_stm32f407xx.o(.text) referenced from startup_stm32f407xx.o(RESET)
 <LI><a href="#[7f]">CAN1_RX1_IRQHandler</a> from startup_stm32f407xx.o(.text) referenced from startup_stm32f407xx.o(RESET)
 <LI><a href="#[80]">CAN1_SCE_IRQHandler</a> from startup_stm32f407xx.o(.text) referenced from startup_stm32f407xx.o(RESET)
 <LI><a href="#[7d]">CAN1_TX_IRQHandler</a> from startup_stm32f407xx.o(.text) referenced from startup_stm32f407xx.o(RESET)
 <LI><a href="#[aa]">CAN2_RX0_IRQHandler</a> from startup_stm32f407xx.o(.text) referenced from startup_stm32f407xx.o(RESET)
 <LI><a href="#[ab]">CAN2_RX1_IRQHandler</a> from startup_stm32f407xx.o(.text) referenced from startup_stm32f407xx.o(RESET)
 <LI><a href="#[ac]">CAN2_SCE_IRQHandler</a> from startup_stm32f407xx.o(.text) referenced from startup_stm32f407xx.o(RESET)
 <LI><a href="#[a9]">CAN2_TX_IRQHandler</a> from startup_stm32f407xx.o(.text) referenced from startup_stm32f407xx.o(RESET)
 <LI><a href="#[b8]">DCMI_IRQHandler</a> from startup_stm32f407xx.o(.text) referenced from startup_stm32f407xx.o(RESET)
 <LI><a href="#[75]">DMA1_Stream0_IRQHandler</a> from startup_stm32f407xx.o(.text) referenced from startup_stm32f407xx.o(RESET)
 <LI><a href="#[76]">DMA1_Stream1_IRQHandler</a> from startup_stm32f407xx.o(.text) referenced from startup_stm32f407xx.o(RESET)
 <LI><a href="#[77]">DMA1_Stream2_IRQHandler</a> from startup_stm32f407xx.o(.text) referenced from startup_stm32f407xx.o(RESET)
 <LI><a href="#[78]">DMA1_Stream3_IRQHandler</a> from startup_stm32f407xx.o(.text) referenced from startup_stm32f407xx.o(RESET)
 <LI><a href="#[79]">DMA1_Stream4_IRQHandler</a> from startup_stm32f407xx.o(.text) referenced from startup_stm32f407xx.o(RESET)
 <LI><a href="#[7a]">DMA1_Stream5_IRQHandler</a> from startup_stm32f407xx.o(.text) referenced from startup_stm32f407xx.o(RESET)
 <LI><a href="#[7b]">DMA1_Stream6_IRQHandler</a> from startup_stm32f407xx.o(.text) referenced from startup_stm32f407xx.o(RESET)
 <LI><a href="#[99]">DMA1_Stream7_IRQHandler</a> from startup_stm32f407xx.o(.text) referenced from startup_stm32f407xx.o(RESET)
 <LI><a href="#[a2]">DMA2_Stream0_IRQHandler</a> from startup_stm32f407xx.o(.text) referenced from startup_stm32f407xx.o(RESET)
 <LI><a href="#[a3]">DMA2_Stream1_IRQHandler</a> from startup_stm32f407xx.o(.text) referenced from startup_stm32f407xx.o(RESET)
 <LI><a href="#[a4]">DMA2_Stream2_IRQHandler</a> from startup_stm32f407xx.o(.text) referenced from startup_stm32f407xx.o(RESET)
 <LI><a href="#[a5]">DMA2_Stream3_IRQHandler</a> from startup_stm32f407xx.o(.text) referenced from startup_stm32f407xx.o(RESET)
 <LI><a href="#[a6]">DMA2_Stream4_IRQHandler</a> from startup_stm32f407xx.o(.text) referenced from startup_stm32f407xx.o(RESET)
 <LI><a href="#[ae]">DMA2_Stream5_IRQHandler</a> from startup_stm32f407xx.o(.text) referenced from startup_stm32f407xx.o(RESET)
 <LI><a href="#[af]">DMA2_Stream6_IRQHandler</a> from startup_stm32f407xx.o(.text) referenced from startup_stm32f407xx.o(RESET)
 <LI><a href="#[b0]">DMA2_Stream7_IRQHandler</a> from startup_stm32f407xx.o(.text) referenced from startup_stm32f407xx.o(RESET)
 <LI><a href="#[67]">DebugMon_Handler</a> from stm32f4xx_it.o(i.DebugMon_Handler) referenced from startup_stm32f407xx.o(RESET)
 <LI><a href="#[10b]">DjiAircraftConnection_CheckExtensionPortConnectStatusBySdkProtocol</a> from dji_aircraft_connection.o(i.DjiAircraftConnection_CheckExtensionPortConnectStatusBySdkProtocol) referenced 2 times from dji_aircraft_info_param_config.o(.constdata)
 <LI><a href="#[10c]">DjiAircraftConnection_CheckExtensionPortConnectStatusByV1Protocol</a> from dji_aircraft_connection.o(i.DjiAircraftConnection_CheckExtensionPortConnectStatusByV1Protocol) referenced 11 times from dji_aircraft_info_param_config.o(.constdata)
 <LI><a href="#[108]">DjiAircraftConnection_CheckPayloadPortConnectStatus</a> from dji_aircraft_connection.o(i.DjiAircraftConnection_CheckPayloadPortConnectStatus) referenced 4 times from dji_aircraft_info_param_config.o(.constdata)
 <LI><a href="#[104]">DjiAircraftConnection_ReceiveFCAPPingHandle</a> from dji_aircraft_connection.o(i.DjiAircraftConnection_ReceiveFCAPPingHandle) referenced 4 times from dji_aircraft_connection.o(.constdata)
 <LI><a href="#[105]">DjiAircraftConnection_ReceiveFCGetVersionHandle</a> from dji_aircraft_connection.o(i.DjiAircraftConnection_ReceiveFCGetVersionHandle) referenced 6 times from dji_aircraft_connection.o(.constdata)
 <LI><a href="#[c1]">DjiAircraftInfo_CheckOSDKHeartBeatStatusAsyncCallback</a> from dji_aircraft_connection.o(i.DjiAircraftInfo_CheckOSDKHeartBeatStatusAsyncCallback) referenced from dji_aircraft_connection.o(i.DjiAircraftConnection_CheckExtensionPortConnectStatusBySdkProtocol)
 <LI><a href="#[c2]">DjiAircraftInfo_CheckPingStatusAsyncCallback</a> from dji_aircraft_connection.o(i.DjiAircraftInfo_CheckPingStatusAsyncCallback) referenced from dji_aircraft_connection.o(i.DjiAircraftConnection_CheckExtensionPortConnectStatusByV1Protocol)
 <LI><a href="#[c2]">DjiAircraftInfo_CheckPingStatusAsyncCallback</a> from dji_aircraft_connection.o(i.DjiAircraftInfo_CheckPingStatusAsyncCallback) referenced from dji_aircraft_connection.o(i.DjiAircraftConnection_CheckPayloadPortConnectStatus)
 <LI><a href="#[f9]">DjiAircraftInfo_NotifyMobileAppInfoHandle</a> from dji_aircraft_info.o(i.DjiAircraftInfo_NotifyMobileAppInfoHandle) referenced 2 times from dji_aircraft_info.o(.constdata)
 <LI><a href="#[c3]">DjiAircraftInfo_Work</a> from dji_aircraft_info.o(i.DjiAircraftInfo_Work) referenced from dji_aircraft_info.o(i.DjiAircraftInfo_Init)
 <LI><a href="#[fb]">DjiApplicationReadyState_GetPayloadCapabilitySetHandle</a> from dji_application_ready_state.o(i.DjiApplicationReadyState_GetPayloadCapabilitySetHandle) referenced 2 times from dji_application_ready_state.o(.constdata)
 <LI><a href="#[fa]">DjiApplicationReadyState_GetPayloadSdkReadyStateHandle</a> from dji_application_ready_state.o(i.DjiApplicationReadyState_GetPayloadSdkReadyStateHandle) referenced 2 times from dji_application_ready_state.o(.constdata)
 <LI><a href="#[fd]">DjiApplicationReadyState_GetSerialNumber</a> from dji_application_ready_state.o(i.DjiApplicationReadyState_GetSerialNumber) referenced 4 times from dji_application_ready_state.o(.constdata)
 <LI><a href="#[fc]">DjiApplicationReadyState_GetVersionHandle</a> from dji_application_ready_state.o(i.DjiApplicationReadyState_GetVersionHandle) referenced 4 times from dji_application_ready_state.o(.constdata)
 <LI><a href="#[123]">DjiAuth_SecurityAuthHandle</a> from dji_sdk_cc_auth.o(i.DjiAuth_SecurityAuthHandle) referenced 2 times from dji_sdk_cc_auth.o(.constdata)
 <LI><a href="#[124]">DjiAuth_SecurityChipCommunicateHandle</a> from dji_sdk_cc_auth.o(i.DjiAuth_SecurityChipCommunicateHandle) referenced 2 times from dji_sdk_cc_auth.o(.constdata)
 <LI><a href="#[10f]">DjiBattery_WholeInfoPushingHandle</a> from dji_battery.o(i.DjiBattery_WholeInfoPushingHandle) referenced 2 times from dji_battery.o(.constdata)
 <LI><a href="#[12e]">DjiChannel_bulkDeinit</a> from dji_channel_bulk.o(i.DjiChannel_bulkDeinit) referenced from dji_channel.o(.constdata)
 <LI><a href="#[12d]">DjiChannel_bulkInit</a> from dji_channel_bulk.o(i.DjiChannel_bulkInit) referenced from dji_channel.o(.constdata)
 <LI><a href="#[130]">DjiChannel_bulkRead</a> from dji_channel_bulk.o(i.DjiChannel_bulkRead) referenced from dji_channel.o(.constdata)
 <LI><a href="#[12f]">DjiChannel_bulkWrite</a> from dji_channel_bulk.o(i.DjiChannel_bulkWrite) referenced from dji_channel.o(.constdata)
 <LI><a href="#[12a]">DjiChannel_uartDeinit</a> from dji_channel_uart.o(i.DjiChannel_uartDeinit) referenced from dji_channel.o(.constdata)
 <LI><a href="#[129]">DjiChannel_uartInit</a> from dji_channel_uart.o(i.DjiChannel_uartInit) referenced from dji_channel.o(.constdata)
 <LI><a href="#[12c]">DjiChannel_uartRead</a> from dji_channel_uart.o(i.DjiChannel_uartRead) referenced from dji_channel.o(.constdata)
 <LI><a href="#[12b]">DjiChannel_uartWrite</a> from dji_channel_uart.o(i.DjiChannel_uartWrite) referenced from dji_channel.o(.constdata)
 <LI><a href="#[132]">DjiChannel_udpDeinit</a> from dji_channel_udp.o(i.DjiChannel_udpDeinit) referenced from dji_channel.o(.constdata)
 <LI><a href="#[131]">DjiChannel_udpInit</a> from dji_channel_udp.o(i.DjiChannel_udpInit) referenced from dji_channel.o(.constdata)
 <LI><a href="#[134]">DjiChannel_udpRead</a> from dji_channel_udp.o(i.DjiChannel_udpRead) referenced from dji_channel.o(.constdata)
 <LI><a href="#[133]">DjiChannel_udpWrite</a> from dji_channel_udp.o(i.DjiChannel_udpWrite) referenced from dji_channel.o(.constdata)
 <LI><a href="#[c4]">DjiCommand_RecvWork</a> from dji_command.o(i.DjiCommand_RecvWork) referenced from dji_command.o(i.DjiCommand_Init)
 <LI><a href="#[c4]">DjiCommand_RecvWork</a> from dji_command.o(i.DjiCommand_RecvWork) referenced from dji_command.o(i.DjiCommand_UpdateConfig)
 <LI><a href="#[c5]">DjiCommand_SendSyncCallback</a> from dji_command.o(i.DjiCommand_SendSyncCallback) referenced from dji_command.o(i.DjiCommand_SendSync)
 <LI><a href="#[c6]">DjiCore_RootTask</a> from dji_root_task.o(i.DjiCore_RootTask) referenced from dji_root_task.o(i.DjiCore_RootTaskInit)
 <LI><a href="#[13]">DjiDataDownloader_DataEndSend</a> from dji_downloader.o(i.DjiDataDownloader_DataEndSend) referenced 4 times from dji_downloader.o(.data)
 <LI><a href="#[12]">DjiDataDownloader_DataReStartSend</a> from dji_downloader.o(i.DjiDataDownloader_DataReStartSend) referenced 2 times from dji_downloader.o(.data)
 <LI><a href="#[11]">DjiDataDownloader_DataSendGetAck</a> from dji_downloader.o(i.DjiDataDownloader_DataSendGetAck) referenced 2 times from dji_downloader.o(.data)
 <LI><a href="#[10]">DjiDataDownloader_DataSending</a> from dji_downloader.o(i.DjiDataDownloader_DataSending) referenced 2 times from dji_downloader.o(.data)
 <LI><a href="#[f]">DjiDataDownloader_DataStartSend</a> from dji_downloader.o(i.DjiDataDownloader_DataStartSend) referenced 2 times from dji_downloader.o(.data)
 <LI><a href="#[113]">DjiDataDownloader_DownloadDataRequest</a> from dji_downloader.o(i.DjiDataDownloader_DownloadDataRequest) referenced 5 times from dji_downloader.o(.constdata)
 <LI><a href="#[14]">DjiDataDownloader_EventException</a> from dji_downloader.o(i.DjiDataDownloader_EventException) referenced 2 times from dji_downloader.o(.data)
 <LI><a href="#[c7]">DjiDataDownloader_WorkThread</a> from dji_downloader.o(i.DjiDataDownloader_WorkThread) referenced from dji_downloader.o(i.DjiDataDownloader_Init)
 <LI><a href="#[28]">DjiDataSubscriptionDb2_DeInit</a> from dji_data_subscription_db2.o(i.DjiDataSubscriptionDb2_DeInit) referenced 2 times from dji_data_subscription_db2.o(.data)
 <LI><a href="#[2b]">DjiDataSubscriptionDb2_GetLastValue</a> from dji_data_subscription_db2.o(i.DjiDataSubscriptionDb2_GetLastValue) referenced 2 times from dji_data_subscription_db2.o(.data)
 <LI><a href="#[27]">DjiDataSubscriptionDb2_Init</a> from dji_data_subscription_db2.o(i.DjiDataSubscriptionDb2_Init) referenced 2 times from dji_data_subscription_db2.o(.data)
 <LI><a href="#[29]">DjiDataSubscriptionDb2_SubscribeTopic</a> from dji_data_subscription_db2.o(i.DjiDataSubscriptionDb2_SubscribeTopic) referenced 2 times from dji_data_subscription_db2.o(.data)
 <LI><a href="#[2a]">DjiDataSubscriptionDb2_UnsubscribeTopic</a> from dji_data_subscription_db2.o(i.DjiDataSubscriptionDb2_UnsubscribeTopic) referenced 2 times from dji_data_subscription_db2.o(.data)
 <LI><a href="#[16]">DjiDataSubscriptionDb2p_DeInit</a> from dji_data_subscription_db2p.o(i.DjiDataSubscriptionDb2p_DeInit) referenced 2 times from dji_data_subscription_db2p.o(.data)
 <LI><a href="#[19]">DjiDataSubscriptionDb2p_GetLastValueOfTopic</a> from dji_data_subscription_db2p.o(i.DjiDataSubscriptionDb2p_GetLastValueOfTopic) referenced 2 times from dji_data_subscription_db2p.o(.data)
 <LI><a href="#[110]">DjiDataSubscriptionDb2p_GetSubscriptionOps</a> from dji_data_subscription_db2p.o(i.DjiDataSubscriptionDb2p_GetSubscriptionOps) referenced 4 times from dji_data_subscription_param_config.o(.constdata)
 <LI><a href="#[15]">DjiDataSubscriptionDb2p_Init</a> from dji_data_subscription_db2p.o(i.DjiDataSubscriptionDb2p_Init) referenced 2 times from dji_data_subscription_db2p.o(.data)
 <LI><a href="#[1a]">DjiDataSubscriptionDb2p_QuaternionTopicSpecialCallback</a> from dji_data_subscription_db2p.o(i.DjiDataSubscriptionDb2p_QuaternionTopicSpecialCallback) referenced 2 times from dji_data_subscription_db2p.o(.data)
 <LI><a href="#[17]">DjiDataSubscriptionDb2p_SubscribeTopic</a> from dji_data_subscription_db2p.o(i.DjiDataSubscriptionDb2p_SubscribeTopic) referenced 2 times from dji_data_subscription_db2p.o(.data)
 <LI><a href="#[18]">DjiDataSubscriptionDb2p_UnsubscribeTopic</a> from dji_data_subscription_db2p.o(i.DjiDataSubscriptionDb2p_UnsubscribeTopic) referenced 2 times from dji_data_subscription_db2p.o(.data)
 <LI><a href="#[c8]">DjiDataSubscriptionDds_UnsubscribeTopicCallback</a> from dji_data_subscription_dds_v2.o(i.DjiDataSubscriptionDds_UnsubscribeTopicCallback) referenced from dji_data_subscription_dds_v2.o(i.DjiDataSubscriptionDds_v2_DeInit)
 <LI><a href="#[c8]">DjiDataSubscriptionDds_UnsubscribeTopicCallback</a> from dji_data_subscription_dds_v2.o(i.DjiDataSubscriptionDds_UnsubscribeTopicCallback) referenced from dji_data_subscription_dds_v2.o(i.DjiDataSubscriptionDds_v2_UnsubscribeTopic)
 <LI><a href="#[c9]">DjiDataSubscriptionDds_UnsubscribeTopicCallback</a> from dji_data_subscription_dds_v3.o(i.DjiDataSubscriptionDds_UnsubscribeTopicCallback) referenced from dji_data_subscription_dds_v3.o(i.DjiDataSubscriptionDds_v3_DeInit)
 <LI><a href="#[c9]">DjiDataSubscriptionDds_UnsubscribeTopicCallback</a> from dji_data_subscription_dds_v3.o(i.DjiDataSubscriptionDds_UnsubscribeTopicCallback) referenced from dji_data_subscription_dds_v3.o(i.DjiDataSubscriptionDds_v3_UnsubscribeTopicInner)
 <LI><a href="#[1c]">DjiDataSubscriptionDds_v2_DeInit</a> from dji_data_subscription_dds_v2.o(i.DjiDataSubscriptionDds_v2_DeInit) referenced 2 times from dji_data_subscription_dds_v2.o(.data)
 <LI><a href="#[1f]">DjiDataSubscriptionDds_v2_GetLastValueOfTopic</a> from dji_data_subscription_dds_v2.o(i.DjiDataSubscriptionDds_v2_GetLastValueOfTopic) referenced 2 times from dji_data_subscription_dds_v2.o(.data)
 <LI><a href="#[112]">DjiDataSubscriptionDds_v2_GetSubscriptionOps</a> from dji_data_subscription_dds_v2.o(i.DjiDataSubscriptionDds_v2_GetSubscriptionOps) referenced 4 times from dji_data_subscription_param_config.o(.constdata)
 <LI><a href="#[1b]">DjiDataSubscriptionDds_v2_Init</a> from dji_data_subscription_dds_v2.o(i.DjiDataSubscriptionDds_v2_Init) referenced 2 times from dji_data_subscription_dds_v2.o(.data)
 <LI><a href="#[120]">DjiDataSubscriptionDds_v2_RecvPublishDataCallback</a> from dji_data_subscription_dds_v2.o(i.DjiDataSubscriptionDds_v2_RecvPublishDataCallback) referenced 2 times from dji_data_subscription_dds_v2.o(.constdata)
 <LI><a href="#[1d]">DjiDataSubscriptionDds_v2_SubscribeTopic</a> from dji_data_subscription_dds_v2.o(i.DjiDataSubscriptionDds_v2_SubscribeTopic) referenced 2 times from dji_data_subscription_dds_v2.o(.data)
 <LI><a href="#[1e]">DjiDataSubscriptionDds_v2_UnsubscribeTopic</a> from dji_data_subscription_dds_v2.o(i.DjiDataSubscriptionDds_v2_UnsubscribeTopic) referenced 2 times from dji_data_subscription_dds_v2.o(.data)
 <LI><a href="#[4d]">DjiDataSubscriptionDds_v3_ClearTopicCallBackInfo</a> from dji_data_subscription_dds_v3.o(i.DjiDataSubscriptionDds_v3_ClearTopicCallBackInfo) referenced 2 times from dji_data_subscription_dds_v3.o(.data)
 <LI><a href="#[46]">DjiDataSubscriptionDds_v3_DeInit</a> from dji_data_subscription_dds_v3.o(i.DjiDataSubscriptionDds_v3_DeInit) referenced 2 times from dji_data_subscription_dds_v3.o(.data)
 <LI><a href="#[4a]">DjiDataSubscriptionDds_v3_GetLastValueOfTopic</a> from dji_data_subscription_dds_v3.o(i.DjiDataSubscriptionDds_v3_GetLastValueOfTopic) referenced 2 times from dji_data_subscription_dds_v3.o(.data)
 <LI><a href="#[111]">DjiDataSubscriptionDds_v3_GetSubscriptionOps</a> from dji_data_subscription_dds_v3.o(i.DjiDataSubscriptionDds_v3_GetSubscriptionOps) referenced 9 times from dji_data_subscription_param_config.o(.constdata)
 <LI><a href="#[45]">DjiDataSubscriptionDds_v3_Init</a> from dji_data_subscription_dds_v3.o(i.DjiDataSubscriptionDds_v3_Init) referenced 2 times from dji_data_subscription_dds_v3.o(.data)
 <LI><a href="#[48]">DjiDataSubscriptionDds_v3_PublishTopic</a> from dji_data_subscription_dds_v3.o(i.DjiDataSubscriptionDds_v3_PublishTopic) referenced 2 times from dji_data_subscription_dds_v3.o(.data)
 <LI><a href="#[121]">DjiDataSubscriptionDds_v3_RecvPublishDataCallback</a> from dji_data_subscription_dds_v3.o(i.DjiDataSubscriptionDds_v3_RecvPublishDataCallback) referenced 2 times from dji_data_subscription_dds_v3.o(.constdata)
 <LI><a href="#[47]">DjiDataSubscriptionDds_v3_SubscribeTopic</a> from dji_data_subscription_dds_v3.o(i.DjiDataSubscriptionDds_v3_SubscribeTopic) referenced 2 times from dji_data_subscription_dds_v3.o(.data)
 <LI><a href="#[4b]">DjiDataSubscriptionDds_v3_SubscribeTopicInner</a> from dji_data_subscription_dds_v3.o(i.DjiDataSubscriptionDds_v3_SubscribeTopicInner) referenced 2 times from dji_data_subscription_dds_v3.o(.data)
 <LI><a href="#[49]">DjiDataSubscriptionDds_v3_UnsubscribeTopic</a> from dji_data_subscription_dds_v3.o(i.DjiDataSubscriptionDds_v3_UnsubscribeTopic) referenced 2 times from dji_data_subscription_dds_v3.o(.data)
 <LI><a href="#[4c]">DjiDataSubscriptionDds_v3_UnsubscribeTopicInner</a> from dji_data_subscription_dds_v3.o(i.DjiDataSubscriptionDds_v3_UnsubscribeTopicInner) referenced 2 times from dji_data_subscription_dds_v3.o(.data)
 <LI><a href="#[40]">DjiDataSubscriptionOps_AddPackageDb2ByOPSync</a> from dji_data_subscription_ops.o(i.DjiDataSubscriptionOps_AddPackageDb2ByOPSync) referenced 2 times from dji_data_subscription_ops.o(.data)
 <LI><a href="#[3c]">DjiDataSubscriptionOps_AddPackageDb2ByV1Sync</a> from dji_data_subscription_ops.o(i.DjiDataSubscriptionOps_AddPackageDb2ByV1Sync) referenced 2 times from dji_data_subscription_ops.o(.data)
 <LI><a href="#[41]">DjiDataSubscriptionOps_RemovePackageDb2ByOPSync</a> from dji_data_subscription_ops.o(i.DjiDataSubscriptionOps_RemovePackageDb2ByOPSync) referenced 2 times from dji_data_subscription_ops.o(.data)
 <LI><a href="#[3d]">DjiDataSubscriptionOps_RemovePackageDb2ByV1Sync</a> from dji_data_subscription_ops.o(i.DjiDataSubscriptionOps_RemovePackageDb2ByV1Sync) referenced 2 times from dji_data_subscription_ops.o(.data)
 <LI><a href="#[3f]">DjiDataSubscriptionOps_ResetPublisherDb2ByOPSync</a> from dji_data_subscription_ops.o(i.DjiDataSubscriptionOps_ResetPublisherDb2ByOPSync) referenced 2 times from dji_data_subscription_ops.o(.data)
 <LI><a href="#[3b]">DjiDataSubscriptionOps_ResetPublisherDb2ByV1Sync</a> from dji_data_subscription_ops.o(i.DjiDataSubscriptionOps_ResetPublisherDb2ByV1Sync) referenced 2 times from dji_data_subscription_ops.o(.data)
 <LI><a href="#[3e]">DjiDataSubscriptionOps_VerifyPublisherDb2ByOPSync</a> from dji_data_subscription_ops.o(i.DjiDataSubscriptionOps_VerifyPublisherDb2ByOPSync) referenced 2 times from dji_data_subscription_ops.o(.data)
 <LI><a href="#[3a]">DjiDataSubscriptionOps_VerifyPublisherDb2ByV1Sync</a> from dji_data_subscription_ops.o(i.DjiDataSubscriptionOps_VerifyPublisherDb2ByV1Sync) referenced 2 times from dji_data_subscription_ops.o(.data)
 <LI><a href="#[30]">DjiDataSubscriptionPublisher_RecvFCDataDb2Handle</a> from dji_data_subscription_publisher.o(i.DjiDataSubscriptionPublisher_RecvFCDataDb2Handle) referenced 2 times from dji_data_subscription_publisher.o(.data)
 <LI><a href="#[2d]">DjiDownloadDataFile_Deinit</a> from dji_download_data_file.o(i.DjiDownloadDataFile_Deinit) referenced 2 times from dji_download_data_file.o(.data)
 <LI><a href="#[2f]">DjiDownloadDataFile_GetData</a> from dji_download_data_file.o(i.DjiDownloadDataFile_GetData) referenced 2 times from dji_download_data_file.o(.data)
 <LI><a href="#[2e]">DjiDownloadDataFile_GetDataTotalLength</a> from dji_download_data_file.o(i.DjiDownloadDataFile_GetDataTotalLength) referenced 2 times from dji_download_data_file.o(.data)
 <LI><a href="#[2c]">DjiDownloadDataFile_Init</a> from dji_download_data_file.o(i.DjiDownloadDataFile_Init) referenced 2 times from dji_download_data_file.o(.data)
 <LI><a href="#[56]">DjiDownloadDataList_Deinit</a> from dji_download_data_list.o(i.DjiDownloadDataList_Deinit) referenced 2 times from dji_download_data_list.o(.data)
 <LI><a href="#[58]">DjiDownloadDataList_GetData</a> from dji_download_data_list.o(i.DjiDownloadDataList_GetData) referenced 2 times from dji_download_data_list.o(.data)
 <LI><a href="#[57]">DjiDownloadDataList_GetDataTotalLength</a> from dji_download_data_list.o(i.DjiDownloadDataList_GetDataTotalLength) referenced 2 times from dji_download_data_list.o(.data)
 <LI><a href="#[55]">DjiDownloadDataList_Init</a> from dji_download_data_list.o(i.DjiDownloadDataList_Init) referenced 2 times from dji_download_data_list.o(.data)
 <LI><a href="#[9]">DjiDownloadFileWidget_GenerateFileList</a> from dji_download_file_widget.o(i.DjiDownloadFileWidget_GenerateFileList) referenced 2 times from dji_download_file_widget.o(.data)
 <LI><a href="#[b]">DjiDownloadFileWidget_GetFileCount</a> from dji_download_file_widget.o(i.DjiDownloadFileWidget_GetFileCount) referenced 2 times from dji_download_file_widget.o(.data)
 <LI><a href="#[e]">DjiDownloadFileWidget_GetFileData</a> from dji_download_file_widget.o(i.DjiDownloadFileWidget_GetFileData) referenced 2 times from dji_download_file_widget.o(.data)
 <LI><a href="#[d]">DjiDownloadFileWidget_GetFileInfo</a> from dji_download_file_widget.o(i.DjiDownloadFileWidget_GetFileInfo) referenced 2 times from dji_download_file_widget.o(.data)
 <LI><a href="#[c]">DjiDownloadFileWidget_GetFileInfoByListIndex</a> from dji_download_file_widget.o(i.DjiDownloadFileWidget_GetFileInfoByListIndex) referenced 2 times from dji_download_file_widget.o(.data)
 <LI><a href="#[a]">DjiDownloadFileWidget_IsFileListGenerated</a> from dji_download_file_widget.o(i.DjiDownloadFileWidget_IsFileListGenerated) referenced 2 times from dji_download_file_widget.o(.data)
 <LI><a href="#[ca]">DjiFlowController_Task</a> from dji_flow_controller.o(i.DjiFlowController_Task) referenced from dji_flow_controller.o(i.DjiFlowController_ModuleInit)
 <LI><a href="#[fe]">DjiHighSpeedDataChannel_PushBaseBandInfoHandle</a> from dji_high_speed_data_channel.o(i.DjiHighSpeedDataChannel_PushBaseBandInfoHandle) referenced 4 times from dji_high_speed_data_channel.o(.constdata)
 <LI><a href="#[100]">DjiHighSpeedDataChannel_PushHighspeedChannelAvailableBandwidthHandle</a> from dji_high_speed_data_channel.o(i.DjiHighSpeedDataChannel_PushHighspeedChannelAvailableBandwidthHandle) referenced 2 times from dji_high_speed_data_channel.o(.constdata)
 <LI><a href="#[ff]">DjiHighSpeedDataChannel_PushHighspeedChannelRealtimeBandwidthHandle</a> from dji_high_speed_data_channel.o(i.DjiHighSpeedDataChannel_PushHighspeedChannelRealtimeBandwidthHandle) referenced 4 times from dji_high_speed_data_channel.o(.constdata)
 <LI><a href="#[114]">DjiIdentityVerify_GetIdentityVerifyHandle</a> from dji_identity_verify.o(i.DjiIdentityVerify_GetIdentityVerifyHandle) referenced 2 times from dji_identity_verify.o(.constdata)
 <LI><a href="#[cb]">DjiIdentityVerify_RequestUpdatePolicyAsyncCallback</a> from dji_identity_verify.o(i.DjiIdentityVerify_RequestUpdatePolicyAsyncCallback) referenced from dji_identity_verify.o(i.DjiIdentityVerify_RequestUpdatePolicyAsync)
 <LI><a href="#[115]">DjiIdentityVerify_RequestUploadPolicyFileHandle</a> from dji_identity_verify.o(i.DjiIdentityVerify_RequestUploadPolicyFileHandle) referenced 2 times from dji_identity_verify.o(.constdata)
 <LI><a href="#[cc]">DjiLinker_RecvTask</a> from dji_linker.o(i.DjiLinker_RecvTask) referenced from dji_linker.o(i.DjiLinker_Init)
 <LI><a href="#[10e]">DjiMountPosition_GetByNegotiationResult</a> from dji_mount_position.o(i.DjiMountPosition_GetByNegotiationResult) referenced 2 times from dji_aircraft_info_param_config.o(.constdata)
 <LI><a href="#[10a]">DjiMountPosition_GetOnExtensionPort</a> from dji_mount_position.o(i.DjiMountPosition_GetOnExtensionPort) referenced 12 times from dji_aircraft_info_param_config.o(.constdata)
 <LI><a href="#[107]">DjiMountPosition_GetOnPayloadPort</a> from dji_mount_position.o(i.DjiMountPosition_GetOnPayloadPort) referenced 3 times from dji_aircraft_info_param_config.o(.constdata)
 <LI><a href="#[117]">DjiPayloadCollaboration_PushCameraLensStateHandle</a> from dji_payload_collaboration.o(i.DjiPayloadCollaboration_PushCameraLensStateHandle) referenced 7 times from dji_payload_collaboration.o(.constdata)
 <LI><a href="#[116]">DjiPayloadCollaboration_PushCameraStateHandle</a> from dji_payload_collaboration.o(i.DjiPayloadCollaboration_PushCameraStateHandle) referenced 7 times from dji_payload_collaboration.o(.constdata)
 <LI><a href="#[cd]">DjiPayloadCollaboration_Work</a> from dji_payload_collaboration.o(i.DjiPayloadCollaboration_Work) referenced from dji_payload_collaboration.o(i.DjiPayloadCollaboration_Init)
 <LI><a href="#[119]">DjiPayloadNegotiate_CheckPayloadConnectionStatusHandle</a> from dji_payload_negotiate.o(i.DjiPayloadNegotiate_CheckPayloadConnectionStatusHandle) referenced 2 times from dji_payload_negotiate.o(.constdata)
 <LI><a href="#[118]">DjiPayloadNegotiate_PayloadNegotiateHandle</a> from dji_payload_negotiate.o(i.DjiPayloadNegotiate_PayloadNegotiateHandle) referenced 2 times from dji_payload_negotiate.o(.constdata)
 <LI><a href="#[11a]">DjiPayloadNegotiate_PayloadNegotiateInquiretHandle</a> from dji_payload_online_perception.o(i.DjiPayloadNegotiate_PayloadNegotiateInquiretHandle) referenced 2 times from dji_payload_online_perception.o(.constdata)
 <LI><a href="#[101]">DjiProductInfo_GetPayloadInfoHandle</a> from dji_product_info.o(i.DjiProductInfo_GetPayloadInfoHandle) referenced 2 times from dji_product_info.o(.constdata)
 <LI><a href="#[135]">DjiProtocol_sdkPack</a> from dji_protocol_sdk.o(i.DjiProtocol_sdkPack) referenced from dji_protocol.o(.constdata)
 <LI><a href="#[136]">DjiProtocol_sdkUnpack</a> from dji_protocol_sdk.o(i.DjiProtocol_sdkUnpack) referenced from dji_protocol.o(.constdata)
 <LI><a href="#[137]">DjiProtocol_v1Pack</a> from dji_protocol_v1.o(i.DjiProtocol_v1Pack) referenced from dji_protocol.o(.constdata)
 <LI><a href="#[138]">DjiProtocol_v1Unpack</a> from dji_protocol_v1.o(i.DjiProtocol_v1Unpack) referenced from dji_protocol.o(.constdata)
 <LI><a href="#[11b]">DjiRecorder_PutDataToBuffer</a> from dji_recorder.o(i.DjiRecorder_PutDataToBuffer) referenced 2 times from dji_recorder.o(.constdata)
 <LI><a href="#[122]">DjiRecorder_SendDataV2</a> from dji_recorder.o(i.DjiRecorder_SendDataV2) referenced 2 times from dji_recorder_param_config.o(.constdata)
 <LI><a href="#[ce]">DjiRecorder_Task</a> from dji_recorder.o(i.DjiRecorder_Task) referenced from dji_recorder.o(i.DjiRecorderInit)
 <LI><a href="#[11e]">DjiSdkActivate_ExtensionPortActivateSync</a> from dji_sdk_activate.o(i.DjiSdkActivate_ExtensionPortActivateSync) referenced 2 times from dji_auth_param_config.o(.constdata)
 <LI><a href="#[11f]">DjiSdkActivate_ExtensionPortActivateSyncByV1</a> from dji_sdk_activate.o(i.DjiSdkActivate_ExtensionPortActivateSyncByV1) referenced from dji_auth_param_config.o(.constdata)
 <LI><a href="#[11d]">DjiSdkActivate_PayloadPortActivateSync</a> from dji_sdk_activate.o(i.DjiSdkActivate_PayloadPortActivateSync) referenced 14 times from dji_auth_param_config.o(.constdata)
 <LI><a href="#[10d]">DjiSdkAdapterType_GetBySerialNumber</a> from dji_sdk_adapter_type.o(i.DjiSdkAdapterType_GetBySerialNumber) referenced from dji_aircraft_info_param_config.o(.constdata)
 <LI><a href="#[109]">DjiSdkAdapterType_GetOnExtensionPort</a> from dji_sdk_adapter_type.o(i.DjiSdkAdapterType_GetOnExtensionPort) referenced 12 times from dji_aircraft_info_param_config.o(.constdata)
 <LI><a href="#[106]">DjiSdkAdapterType_GetOnPayloadPort</a> from dji_sdk_adapter_type.o(i.DjiSdkAdapterType_GetOnPayloadPort) referenced 4 times from dji_aircraft_info_param_config.o(.constdata)
 <LI><a href="#[cf]">DjiSdkStatePush_Work</a> from dji_sdk_state_push.o(i.DjiSdkStatePush_Work) referenced from dji_sdk_state_push.o(i.DjiSdkStatePush_Init)
 <LI><a href="#[f7]">DjiTestWidget_GetWidgetValue</a> from test_widget.o(i.DjiTestWidget_GetWidgetValue) referenced 9 times from test_widget.o(.constdata)
 <LI><a href="#[f6]">DjiTestWidget_SetWidgetValue</a> from test_widget.o(i.DjiTestWidget_SetWidgetValue) referenced 9 times from test_widget.o(.constdata)
 <LI><a href="#[d0]">DjiTest_WidgetTask</a> from test_widget.o(i.DjiTest_WidgetTask) referenced from test_widget.o(i.DjiTest_WidgetStartService)
 <LI><a href="#[11c]">DjiTimeSync_PushAppTimeHandle</a> from dji_time_sync_app.o(i.DjiTimeSync_PushAppTimeHandle) referenced 3 times from dji_time_sync_app.o(.constdata)
 <LI><a href="#[d8]">DjiUser_MonitorTask</a> from application.o(i.DjiUser_MonitorTask) referenced from main.o(i.main)
 <LI><a href="#[db]">DjiUser_PrintConsole</a> from application.o(i.DjiUser_PrintConsole) referenced from application.o(.constdata)
 <LI><a href="#[d7]">DjiUser_StartTask</a> from application.o(i.DjiUser_StartTask) referenced from main.o(i.main)
 <LI><a href="#[21]">DjiWidgetFileArray_Deinit</a> from dji_widget_file_array.o(i.DjiWidgetFileArray_Deinit) referenced 2 times from dji_widget_file_array.o(.data)
 <LI><a href="#[23]">DjiWidgetFileArray_DestroyFileList</a> from dji_widget_file_array.o(i.DjiWidgetFileArray_DestroyFileList) referenced 2 times from dji_widget_file_array.o(.data)
 <LI><a href="#[22]">DjiWidgetFileArray_GenerateFileList</a> from dji_widget_file_array.o(i.DjiWidgetFileArray_GenerateFileList) referenced 2 times from dji_widget_file_array.o(.data)
 <LI><a href="#[25]">DjiWidgetFileArray_GetCreateTime</a> from dji_widget_file_array.o(i.DjiWidgetFileArray_GetCreateTime) referenced 2 times from dji_widget_file_array.o(.data)
 <LI><a href="#[26]">DjiWidgetFileArray_GetFileData</a> from dji_widget_file_array.o(i.DjiWidgetFileArray_GetFileData) referenced 2 times from dji_widget_file_array.o(.data)
 <LI><a href="#[24]">DjiWidgetFileArray_GetFileSize</a> from dji_widget_file_array.o(i.DjiWidgetFileArray_GetFileSize) referenced 2 times from dji_widget_file_array.o(.data)
 <LI><a href="#[20]">DjiWidgetFileArray_Init</a> from dji_widget_file_array.o(i.DjiWidgetFileArray_Init) referenced 2 times from dji_widget_file_array.o(.data)
 <LI><a href="#[4f]">DjiWidgetFileNormal_Deinit</a> from dji_widget_file_normal.o(i.DjiWidgetFileNormal_Deinit) referenced 2 times from dji_widget_file_normal.o(.data)
 <LI><a href="#[51]">DjiWidgetFileNormal_DestroyFileList</a> from dji_widget_file_normal.o(i.DjiWidgetFileNormal_DestroyFileList) referenced 2 times from dji_widget_file_normal.o(.data)
 <LI><a href="#[50]">DjiWidgetFileNormal_GenerateFileList</a> from dji_widget_file_normal.o(i.DjiWidgetFileNormal_GenerateFileList) referenced 2 times from dji_widget_file_normal.o(.data)
 <LI><a href="#[53]">DjiWidgetFileNormal_GetCreateTime</a> from dji_widget_file_normal.o(i.DjiWidgetFileNormal_GetCreateTime) referenced 2 times from dji_widget_file_normal.o(.data)
 <LI><a href="#[54]">DjiWidgetFileNormal_GetFileData</a> from dji_widget_file_normal.o(i.DjiWidgetFileNormal_GetFileData) referenced 2 times from dji_widget_file_normal.o(.data)
 <LI><a href="#[52]">DjiWidgetFileNormal_GetFileSize</a> from dji_widget_file_normal.o(i.DjiWidgetFileNormal_GetFileSize) referenced 2 times from dji_widget_file_normal.o(.data)
 <LI><a href="#[4e]">DjiWidgetFileNormal_Init</a> from dji_widget_file_normal.o(i.DjiWidgetFileNormal_Init) referenced 2 times from dji_widget_file_normal.o(.data)
 <LI><a href="#[d1]">DjiWidgetFloatingWindow_SendDataToFloatWindowWithoutFlowControl</a> from dji_widget.o(i.DjiWidgetFloatingWindow_SendDataToFloatWindowWithoutFlowControl) referenced from dji_widget.o(i.DjiWidget_Init)
 <LI><a href="#[103]">DjiWidget_SetMappingWidgetHandle</a> from dji_widget.o(i.DjiWidget_SetMappingWidgetHandle) referenced from dji_widget.o(.constdata)
 <LI><a href="#[102]">DjiWidget_SetWidgetValueHandle</a> from dji_widget.o(i.DjiWidget_SetWidgetValueHandle) referenced from dji_widget.o(.constdata)
 <LI><a href="#[d2]">DjiWidget_Work</a> from dji_widget.o(i.DjiWidget_Work) referenced from dji_widget.o(i.DjiWidget_Init)
 <LI><a href="#[a7]">ETH_IRQHandler</a> from startup_stm32f407xx.o(.text) referenced from startup_stm32f407xx.o(RESET)
 <LI><a href="#[a8]">ETH_WKUP_IRQHandler</a> from startup_stm32f407xx.o(.text) referenced from startup_stm32f407xx.o(RESET)
 <LI><a href="#[70]">EXTI0_IRQHandler</a> from startup_stm32f407xx.o(.text) referenced from startup_stm32f407xx.o(RESET)
 <LI><a href="#[92]">EXTI15_10_IRQHandler</a> from startup_stm32f407xx.o(.text) referenced from startup_stm32f407xx.o(RESET)
 <LI><a href="#[71]">EXTI1_IRQHandler</a> from startup_stm32f407xx.o(.text) referenced from startup_stm32f407xx.o(RESET)
 <LI><a href="#[72]">EXTI2_IRQHandler</a> from pps.o(i.EXTI2_IRQHandler) referenced from startup_stm32f407xx.o(RESET)
 <LI><a href="#[73]">EXTI3_IRQHandler</a> from startup_stm32f407xx.o(.text) referenced from startup_stm32f407xx.o(RESET)
 <LI><a href="#[74]">EXTI4_IRQHandler</a> from startup_stm32f407xx.o(.text) referenced from startup_stm32f407xx.o(RESET)
 <LI><a href="#[81]">EXTI9_5_IRQHandler</a> from startup_stm32f407xx.o(.text) referenced from startup_stm32f407xx.o(RESET)
 <LI><a href="#[6e]">FLASH_IRQHandler</a> from startup_stm32f407xx.o(.text) referenced from startup_stm32f407xx.o(RESET)
 <LI><a href="#[9a]">FMC_IRQHandler</a> from startup_stm32f407xx.o(.text) referenced from startup_stm32f407xx.o(RESET)
 <LI><a href="#[ba]">FPU_IRQHandler</a> from startup_stm32f407xx.o(.text) referenced from startup_stm32f407xx.o(RESET)
 <LI><a href="#[b9]">HASH_RNG_IRQHandler</a> from startup_stm32f407xx.o(.text) referenced from startup_stm32f407xx.o(RESET)
 <LI><a href="#[f3]">HalI2c_DeInit</a> from hal_i2c.o(i.HalI2c_DeInit) referenced from application.o(.constdata)
 <LI><a href="#[f2]">HalI2c_Init</a> from hal_i2c.o(i.HalI2c_Init) referenced from application.o(.constdata)
 <LI><a href="#[f5]">HalI2c_ReadData</a> from hal_i2c.o(i.HalI2c_ReadData) referenced from application.o(.constdata)
 <LI><a href="#[f4]">HalI2c_WriteData</a> from hal_i2c.o(i.HalI2c_WriteData) referenced from application.o(.constdata)
 <LI><a href="#[ee]">HalUart_DeInit</a> from hal_uart.o(i.HalUart_DeInit) referenced from application.o(.constdata)
 <LI><a href="#[f1]">HalUart_GetStatus</a> from hal_uart.o(i.HalUart_GetStatus) referenced from application.o(.constdata)
 <LI><a href="#[ed]">HalUart_Init</a> from hal_uart.o(i.HalUart_Init) referenced from application.o(.constdata)
 <LI><a href="#[f0]">HalUart_ReadData</a> from hal_uart.o(i.HalUart_ReadData) referenced from application.o(.constdata)
 <LI><a href="#[ef]">HalUart_WriteData</a> from hal_uart.o(i.HalUart_WriteData) referenced from application.o(.constdata)
 <LI><a href="#[62]">HardFault_Handler</a> from stm32f4xx_it.o(i.HardFault_Handler) referenced from startup_stm32f407xx.o(RESET)
 <LI><a href="#[8a]">I2C1_ER_IRQHandler</a> from startup_stm32f407xx.o(.text) referenced from startup_stm32f407xx.o(RESET)
 <LI><a href="#[89]">I2C1_EV_IRQHandler</a> from startup_stm32f407xx.o(.text) referenced from startup_stm32f407xx.o(RESET)
 <LI><a href="#[8c]">I2C2_ER_IRQHandler</a> from startup_stm32f407xx.o(.text) referenced from startup_stm32f407xx.o(RESET)
 <LI><a href="#[8b]">I2C2_EV_IRQHandler</a> from startup_stm32f407xx.o(.text) referenced from startup_stm32f407xx.o(RESET)
 <LI><a href="#[b3]">I2C3_ER_IRQHandler</a> from startup_stm32f407xx.o(.text) referenced from startup_stm32f407xx.o(RESET)
 <LI><a href="#[b2]">I2C3_EV_IRQHandler</a> from startup_stm32f407xx.o(.text) referenced from startup_stm32f407xx.o(RESET)
 <LI><a href="#[63]">MemManage_Handler</a> from stm32f4xx_it.o(i.MemManage_Handler) referenced from startup_stm32f407xx.o(RESET)
 <LI><a href="#[61]">NMI_Handler</a> from stm32f4xx_it.o(i.NMI_Handler) referenced from startup_stm32f407xx.o(RESET)
 <LI><a href="#[ad]">OTG_FS_IRQHandler</a> from startup_stm32f407xx.o(.text) referenced from startup_stm32f407xx.o(RESET)
 <LI><a href="#[94]">OTG_FS_WKUP_IRQHandler</a> from startup_stm32f407xx.o(.text) referenced from startup_stm32f407xx.o(RESET)
 <LI><a href="#[b5]">OTG_HS_EP1_IN_IRQHandler</a> from startup_stm32f407xx.o(.text) referenced from startup_stm32f407xx.o(RESET)
 <LI><a href="#[b4]">OTG_HS_EP1_OUT_IRQHandler</a> from startup_stm32f407xx.o(.text) referenced from startup_stm32f407xx.o(RESET)
 <LI><a href="#[b7]">OTG_HS_IRQHandler</a> from startup_stm32f407xx.o(.text) referenced from startup_stm32f407xx.o(RESET)
 <LI><a href="#[b6]">OTG_HS_WKUP_IRQHandler</a> from startup_stm32f407xx.o(.text) referenced from startup_stm32f407xx.o(RESET)
 <LI><a href="#[ec]">Osal_Free</a> from osal.o(i.Osal_Free) referenced from application.o(.constdata)
 <LI><a href="#[ea]">Osal_GetRandomNum</a> from osal.o(i.Osal_GetRandomNum) referenced from application.o(.constdata)
 <LI><a href="#[e8]">Osal_GetTimeMs</a> from osal.o(i.Osal_GetTimeMs) referenced from application.o(.constdata)
 <LI><a href="#[e9]">Osal_GetTimeUs</a> from osal.o(i.Osal_GetTimeUs) referenced from application.o(.constdata)
 <LI><a href="#[eb]">Osal_Malloc</a> from osal.o(i.Osal_Malloc) referenced from application.o(.constdata)
 <LI><a href="#[df]">Osal_MutexCreate</a> from osal.o(i.Osal_MutexCreate) referenced from application.o(.constdata)
 <LI><a href="#[e0]">Osal_MutexDestroy</a> from osal.o(i.Osal_MutexDestroy) referenced from application.o(.constdata)
 <LI><a href="#[e1]">Osal_MutexLock</a> from osal.o(i.Osal_MutexLock) referenced from application.o(.constdata)
 <LI><a href="#[e2]">Osal_MutexUnlock</a> from osal.o(i.Osal_MutexUnlock) referenced from application.o(.constdata)
 <LI><a href="#[e3]">Osal_SemaphoreCreate</a> from osal.o(i.Osal_SemaphoreCreate) referenced from application.o(.constdata)
 <LI><a href="#[e4]">Osal_SemaphoreDestroy</a> from osal.o(i.Osal_SemaphoreDestroy) referenced from application.o(.constdata)
 <LI><a href="#[e7]">Osal_SemaphorePost</a> from osal.o(i.Osal_SemaphorePost) referenced from application.o(.constdata)
 <LI><a href="#[e6]">Osal_SemaphoreTimedWait</a> from osal.o(i.Osal_SemaphoreTimedWait) referenced from application.o(.constdata)
 <LI><a href="#[e5]">Osal_SemaphoreWait</a> from osal.o(i.Osal_SemaphoreWait) referenced from application.o(.constdata)
 <LI><a href="#[dc]">Osal_TaskCreate</a> from osal.o(i.Osal_TaskCreate) referenced from application.o(.constdata)
 <LI><a href="#[dd]">Osal_TaskDestroy</a> from osal.o(i.Osal_TaskDestroy) referenced from application.o(.constdata)
 <LI><a href="#[de]">Osal_TaskSleepMs</a> from osal.o(i.Osal_TaskSleepMs) referenced from application.o(.constdata)
 <LI><a href="#[6b]">PVD_IRQHandler</a> from startup_stm32f407xx.o(.text) referenced from startup_stm32f407xx.o(RESET)
 <LI><a href="#[68]">PendSV_Handler</a> from port.o(.emb_text) referenced from startup_stm32f407xx.o(RESET)
 <LI><a href="#[6f]">RCC_IRQHandler</a> from startup_stm32f407xx.o(.text) referenced from startup_stm32f407xx.o(RESET)
 <LI><a href="#[93]">RTC_Alarm_IRQHandler</a> from startup_stm32f407xx.o(.text) referenced from startup_stm32f407xx.o(RESET)
 <LI><a href="#[6d]">RTC_WKUP_IRQHandler</a> from startup_stm32f407xx.o(.text) referenced from startup_stm32f407xx.o(RESET)
 <LI><a href="#[60]">Reset_Handler</a> from startup_stm32f407xx.o(.text) referenced from startup_stm32f407xx.o(RESET)
 <LI><a href="#[9b]">SDIO_IRQHandler</a> from startup_stm32f407xx.o(.text) referenced from startup_stm32f407xx.o(RESET)
 <LI><a href="#[127]">SHA256_final</a> from dji_sha256.o(i.SHA256_final) referenced from dji_sha256.o(.constdata)
 <LI><a href="#[128]">SHA256_hash</a> from dji_sha256.o(i.SHA256_hash) referenced from dji_sha256.o(.constdata)
 <LI><a href="#[125]">SHA256_init</a> from dji_sha256.o(i.SHA256_init) referenced from dji_sha256.o(.constdata)
 <LI><a href="#[126]">SHA256_update</a> from dji_sha256.o(i.SHA256_update) referenced from dji_sha256.o(.constdata)
 <LI><a href="#[13b]">SHA_final</a> from dji_sha.o(i.SHA_final) referenced from dji_sha.o(.constdata)
 <LI><a href="#[13c]">SHA_hash</a> from dji_sha.o(i.SHA_hash) referenced from dji_sha.o(.constdata)
 <LI><a href="#[139]">SHA_init</a> from dji_sha.o(i.SHA_init) referenced from dji_sha.o(.constdata)
 <LI><a href="#[13a]">SHA_update</a> from dji_sha.o(i.SHA_update) referenced from dji_sha.o(.constdata)
 <LI><a href="#[8d]">SPI1_IRQHandler</a> from startup_stm32f407xx.o(.text) referenced from startup_stm32f407xx.o(RESET)
 <LI><a href="#[8e]">SPI2_IRQHandler</a> from startup_stm32f407xx.o(.text) referenced from startup_stm32f407xx.o(RESET)
 <LI><a href="#[9d]">SPI3_IRQHandler</a> from startup_stm32f407xx.o(.text) referenced from startup_stm32f407xx.o(RESET)
 <LI><a href="#[66]">SVC_Handler</a> from port.o(.emb_text) referenced from startup_stm32f407xx.o(RESET)
 <LI><a href="#[69]">SysTick_Handler</a> from port.o(i.SysTick_Handler) referenced from startup_stm32f407xx.o(RESET)
 <LI><a href="#[bc]">SystemInit</a> from system_stm32f4xx.o(i.SystemInit) referenced from startup_stm32f407xx.o(.text)
 <LI><a href="#[6c]">TAMP_STAMP_IRQHandler</a> from startup_stm32f407xx.o(.text) referenced from startup_stm32f407xx.o(RESET)
 <LI><a href="#[82]">TIM1_BRK_TIM9_IRQHandler</a> from startup_stm32f407xx.o(.text) referenced from startup_stm32f407xx.o(RESET)
 <LI><a href="#[85]">TIM1_CC_IRQHandler</a> from startup_stm32f407xx.o(.text) referenced from startup_stm32f407xx.o(RESET)
 <LI><a href="#[84]">TIM1_TRG_COM_TIM11_IRQHandler</a> from startup_stm32f407xx.o(.text) referenced from startup_stm32f407xx.o(RESET)
 <LI><a href="#[83]">TIM1_UP_TIM10_IRQHandler</a> from stm32f4xx_it.o(i.TIM1_UP_TIM10_IRQHandler) referenced from startup_stm32f407xx.o(RESET)
 <LI><a href="#[86]">TIM2_IRQHandler</a> from startup_stm32f407xx.o(.text) referenced from startup_stm32f407xx.o(RESET)
 <LI><a href="#[87]">TIM3_IRQHandler</a> from startup_stm32f407xx.o(.text) referenced from startup_stm32f407xx.o(RESET)
 <LI><a href="#[88]">TIM4_IRQHandler</a> from startup_stm32f407xx.o(.text) referenced from startup_stm32f407xx.o(RESET)
 <LI><a href="#[9c]">TIM5_IRQHandler</a> from startup_stm32f407xx.o(.text) referenced from startup_stm32f407xx.o(RESET)
 <LI><a href="#[a0]">TIM6_DAC_IRQHandler</a> from startup_stm32f407xx.o(.text) referenced from startup_stm32f407xx.o(RESET)
 <LI><a href="#[a1]">TIM7_IRQHandler</a> from startup_stm32f407xx.o(.text) referenced from startup_stm32f407xx.o(RESET)
 <LI><a href="#[95]">TIM8_BRK_TIM12_IRQHandler</a> from startup_stm32f407xx.o(.text) referenced from startup_stm32f407xx.o(RESET)
 <LI><a href="#[98]">TIM8_CC_IRQHandler</a> from startup_stm32f407xx.o(.text) referenced from startup_stm32f407xx.o(RESET)
 <LI><a href="#[97]">TIM8_TRG_COM_TIM14_IRQHandler</a> from startup_stm32f407xx.o(.text) referenced from startup_stm32f407xx.o(RESET)
 <LI><a href="#[96]">TIM8_UP_TIM13_IRQHandler</a> from startup_stm32f407xx.o(.text) referenced from startup_stm32f407xx.o(RESET)
 <LI><a href="#[9e]">UART4_IRQHandler</a> from startup_stm32f407xx.o(.text) referenced from startup_stm32f407xx.o(RESET)
 <LI><a href="#[9f]">UART5_IRQHandler</a> from startup_stm32f407xx.o(.text) referenced from startup_stm32f407xx.o(RESET)
 <LI><a href="#[8f]">USART1_IRQHandler</a> from uart.o(i.USART1_IRQHandler) referenced from startup_stm32f407xx.o(RESET)
 <LI><a href="#[90]">USART2_IRQHandler</a> from uart.o(i.USART2_IRQHandler) referenced from startup_stm32f407xx.o(RESET)
 <LI><a href="#[91]">USART3_IRQHandler</a> from uart.o(i.USART3_IRQHandler) referenced from startup_stm32f407xx.o(RESET)
 <LI><a href="#[b1]">USART6_IRQHandler</a> from startup_stm32f407xx.o(.text) referenced from startup_stm32f407xx.o(RESET)
 <LI><a href="#[6]">USBH_CDC_ClassRequest</a> from usbh_cdc.o(i.USBH_CDC_ClassRequest) referenced 2 times from usbh_cdc.o(.data)
 <LI><a href="#[5]">USBH_CDC_InterfaceDeInit</a> from usbh_cdc.o(i.USBH_CDC_InterfaceDeInit) referenced 2 times from usbh_cdc.o(.data)
 <LI><a href="#[4]">USBH_CDC_InterfaceInit</a> from usbh_cdc.o(i.USBH_CDC_InterfaceInit) referenced 2 times from usbh_cdc.o(.data)
 <LI><a href="#[7]">USBH_CDC_Process</a> from usbh_cdc.o(i.USBH_CDC_Process) referenced 2 times from usbh_cdc.o(.data)
 <LI><a href="#[8]">USBH_CDC_SOFProcess</a> from usbh_cdc.o(i.USBH_CDC_SOFProcess) referenced 2 times from usbh_cdc.o(.data)
 <LI><a href="#[f8]">USBH_Process_OS</a> from usbh_core.o(i.USBH_Process_OS) referenced from usbh_core.o(.constdata)
 <LI><a href="#[d3]">USBH_UserProcess</a> from usb_host.o(i.USBH_UserProcess) referenced from usb_host.o(i.MX_USB_HOST_Init)
 <LI><a href="#[65]">UsageFault_Handler</a> from stm32f4xx_it.o(i.UsageFault_Handler) referenced from startup_stm32f407xx.o(RESET)
 <LI><a href="#[6a]">WWDG_IRQHandler</a> from startup_stm32f407xx.o(.text) referenced from startup_stm32f407xx.o(RESET)
 <LI><a href="#[bd]">__main</a> from entry.o(.ARM.Collect$$$$00000000) referenced from startup_stm32f407xx.o(.text)
 <LI><a href="#[bf]">_sbackspace</a> from _sgetc.o(.text) referenced from strtod.o(.text)
 <LI><a href="#[be]">_sgetc</a> from _sgetc.o(.text) referenced from strtod.o(.text)
 <LI><a href="#[d5]">_snputc</a> from printfa.o(i._snputc) referenced from printfa.o(i.__0snprintf)
 <LI><a href="#[d5]">_snputc</a> from printfa.o(i._snputc) referenced from printfa.o(i.__0vsnprintf)
 <LI><a href="#[d6]">_sputc</a> from printfa.o(i._sputc) referenced from printfa.o(i.__0sprintf)
 <LI><a href="#[d4]">fputc</a> from uart.o(i.fputc) referenced from printfa.o(i.__0printf)
 <LI><a href="#[43]">free</a> from mallocr.o(i.__free$realloc) referenced 2 times from cjson.o(.data)
 <LI><a href="#[43]">free</a> from mallocr.o(i.__free$realloc) referenced from cjson.o(i.cJSON_InitHooks)
 <LI><a href="#[c0]">isspace</a> from isspace_o.o(.text) referenced from strtod.o(.text)
 <LI><a href="#[bb]">main</a> from main.o(i.main) referenced from entry9a.o(.ARM.Collect$$$$0000000B)
 <LI><a href="#[42]">malloc</a> from mallocr.o(i.__malloc$realloc) referenced 2 times from cjson.o(.data)
 <LI><a href="#[42]">malloc</a> from mallocr.o(i.__malloc$realloc) referenced from cjson.o(i.cJSON_InitHooks)
 <LI><a href="#[39]">port_i2c_periph_control</a> from dji_port_i2c.o(i.port_i2c_periph_control) referenced 2 times from dji_port_i2c.o(.data)
 <LI><a href="#[32]">port_i2c_periph_deinit</a> from dji_port_i2c.o(i.port_i2c_periph_deinit) referenced 2 times from dji_port_i2c.o(.data)
 <LI><a href="#[31]">port_i2c_periph_init</a> from dji_port_i2c.o(i.port_i2c_periph_init) referenced 2 times from dji_port_i2c.o(.data)
 <LI><a href="#[35]">port_i2c_periph_lock</a> from dji_port_i2c.o(i.port_i2c_periph_lock) referenced 2 times from dji_port_i2c.o(.data)
 <LI><a href="#[34]">port_i2c_periph_power_off</a> from dji_port_i2c.o(i.port_i2c_periph_power_off) referenced 2 times from dji_port_i2c.o(.data)
 <LI><a href="#[33]">port_i2c_periph_power_on</a> from dji_port_i2c.o(i.port_i2c_periph_power_on) referenced 2 times from dji_port_i2c.o(.data)
 <LI><a href="#[38]">port_i2c_periph_receive</a> from dji_port_i2c.o(i.port_i2c_periph_receive) referenced 2 times from dji_port_i2c.o(.data)
 <LI><a href="#[37]">port_i2c_periph_transmit</a> from dji_port_i2c.o(i.port_i2c_periph_transmit) referenced 2 times from dji_port_i2c.o(.data)
 <LI><a href="#[36]">port_i2c_periph_unlock</a> from dji_port_i2c.o(i.port_i2c_periph_unlock) referenced 2 times from dji_port_i2c.o(.data)
 <LI><a href="#[5c]">proto_i2c_close</a> from proto_i2c_impl.o(i.proto_i2c_close) referenced 2 times from proto_i2c_impl.o(.data)
 <LI><a href="#[5f]">proto_i2c_control</a> from proto_i2c_impl.o(i.proto_i2c_control) referenced 2 times from proto_i2c_impl.o(.data)
 <LI><a href="#[5a]">proto_i2c_deinit</a> from proto_i2c_impl.o(i.proto_i2c_deinit) referenced 2 times from proto_i2c_impl.o(.data)
 <LI><a href="#[59]">proto_i2c_init</a> from proto_i2c_impl.o(i.proto_i2c_init) referenced 2 times from proto_i2c_impl.o(.data)
 <LI><a href="#[5b]">proto_i2c_open</a> from proto_i2c_impl.o(i.proto_i2c_open) referenced 2 times from proto_i2c_impl.o(.data)
 <LI><a href="#[5e]">proto_i2c_reset</a> from proto_i2c_impl.o(i.proto_i2c_reset) referenced 2 times from proto_i2c_impl.o(.data)
 <LI><a href="#[5d]">proto_i2c_transceive</a> from proto_i2c_impl.o(i.proto_i2c_transceive) referenced 2 times from proto_i2c_impl.o(.data)
 <LI><a href="#[da]">prvIdleTask</a> from tasks.o(i.prvIdleTask) referenced from tasks.o(i.vTaskStartScheduler)
 <LI><a href="#[d9]">prvTaskExitError</a> from port.o(i.prvTaskExitError) referenced from port.o(i.pxPortInitialiseStack)
 <LI><a href="#[44]">realloc</a> from mallocr.o(i.realloc) referenced 2 times from cjson.o(.data)
 <LI><a href="#[44]">realloc</a> from mallocr.o(i.realloc) referenced from cjson.o(i.cJSON_InitHooks)
</UL>
<P>
<H3>
Global Symbols
</H3>
<P><STRONG><a name="[bd]"></a>__main</STRONG> (Thumb, 0 bytes, Stack size unknown bytes, entry.o(.ARM.Collect$$$$00000000))
<BR>[Address Reference Count : 1]<UL><LI> startup_stm32f407xx.o(.text)
</UL>
<P><STRONG><a name="[417]"></a>_main_stk</STRONG> (Thumb, 0 bytes, Stack size unknown bytes, entry2.o(.ARM.Collect$$$$00000001))

<P><STRONG><a name="[13d]"></a>_main_scatterload</STRONG> (Thumb, 0 bytes, Stack size unknown bytes, entry5.o(.ARM.Collect$$$$00000004))
<BR><BR>[Calls]<UL><LI><a href="#[13e]">&gt;&gt;</a>&nbsp;&nbsp;&nbsp;__scatterload
</UL>

<P><STRONG><a name="[162]"></a>__main_after_scatterload</STRONG> (Thumb, 0 bytes, Stack size unknown bytes, entry5.o(.ARM.Collect$$$$00000004))
<BR><BR>[Called By]<UL><LI><a href="#[13e]">&gt;&gt;</a>&nbsp;&nbsp;&nbsp;__scatterload
</UL>

<P><STRONG><a name="[418]"></a>_main_clock</STRONG> (Thumb, 0 bytes, Stack size unknown bytes, entry7b.o(.ARM.Collect$$$$00000008))

<P><STRONG><a name="[419]"></a>_main_cpp_init</STRONG> (Thumb, 0 bytes, Stack size unknown bytes, entry8b.o(.ARM.Collect$$$$0000000A))

<P><STRONG><a name="[41a]"></a>_main_init</STRONG> (Thumb, 0 bytes, Stack size unknown bytes, entry9a.o(.ARM.Collect$$$$0000000B))

<P><STRONG><a name="[41b]"></a>__rt_lib_shutdown_fini</STRONG> (Thumb, 0 bytes, Stack size unknown bytes, entry12b.o(.ARM.Collect$$$$0000000E))

<P><STRONG><a name="[41c]"></a>__rt_final_cpp</STRONG> (Thumb, 0 bytes, Stack size unknown bytes, entry10a.o(.ARM.Collect$$$$0000000F))

<P><STRONG><a name="[41d]"></a>__rt_final_exit</STRONG> (Thumb, 0 bytes, Stack size unknown bytes, entry11a.o(.ARM.Collect$$$$00000011))

<P><STRONG><a name="[66]"></a>SVC_Handler</STRONG> (Thumb, 28 bytes, Stack size 0 bytes, port.o(.emb_text))
<BR>[Address Reference Count : 1]<UL><LI> startup_stm32f407xx.o(RESET)
</UL>
<P><STRONG><a name="[410]"></a>__asm___6_port_c_39a90d8d__prvStartFirstTask</STRONG> (Thumb, 28 bytes, Stack size 0 bytes, port.o(.emb_text))
<BR><BR>[Called By]<UL><LI><a href="#[40d]">&gt;&gt;</a>&nbsp;&nbsp;&nbsp;xPortStartScheduler
</UL>

<P><STRONG><a name="[40f]"></a>__asm___6_port_c_39a90d8d__prvEnableVFP</STRONG> (Thumb, 16 bytes, Stack size 0 bytes, port.o(.emb_text))
<BR><BR>[Called By]<UL><LI><a href="#[40d]">&gt;&gt;</a>&nbsp;&nbsp;&nbsp;xPortStartScheduler
</UL>

<P><STRONG><a name="[68]"></a>PendSV_Handler</STRONG> (Thumb, 88 bytes, Stack size 0 bytes, port.o(.emb_text))
<BR><BR>[Calls]<UL><LI><a href="#[13f]">&gt;&gt;</a>&nbsp;&nbsp;&nbsp;vTaskSwitchContext
</UL>
<BR>[Address Reference Count : 1]<UL><LI> startup_stm32f407xx.o(RESET)
</UL>
<P><STRONG><a name="[408]"></a>vPortGetIPSR</STRONG> (Thumb, 6 bytes, Stack size 0 bytes, port.o(.emb_text))
<BR><BR>[Called By]<UL><LI><a href="#[407]">&gt;&gt;</a>&nbsp;&nbsp;&nbsp;vPortValidateInterruptPriority
</UL>

<P><STRONG><a name="[60]"></a>Reset_Handler</STRONG> (Thumb, 8 bytes, Stack size 0 bytes, startup_stm32f407xx.o(.text))
<BR>[Address Reference Count : 1]<UL><LI> startup_stm32f407xx.o(RESET)
</UL>
<P><STRONG><a name="[7c]"></a>ADC_IRQHandler</STRONG> (Thumb, 0 bytes, Stack size 0 bytes, startup_stm32f407xx.o(.text))
<BR><BR>[Calls]<UL><LI><a href="#[7c]">&gt;&gt;</a>&nbsp;&nbsp;&nbsp;ADC_IRQHandler
</UL>
<BR>[Called By]<UL><LI><a href="#[7c]">&gt;&gt;</a>&nbsp;&nbsp;&nbsp;ADC_IRQHandler
</UL>
<BR>[Address Reference Count : 1]<UL><LI> startup_stm32f407xx.o(RESET)
</UL>
<P><STRONG><a name="[7e]"></a>CAN1_RX0_IRQHandler</STRONG> (Thumb, 0 bytes, Stack size 0 bytes, startup_stm32f407xx.o(.text))
<BR>[Address Reference Count : 1]<UL><LI> startup_stm32f407xx.o(RESET)
</UL>
<P><STRONG><a name="[7f]"></a>CAN1_RX1_IRQHandler</STRONG> (Thumb, 0 bytes, Stack size 0 bytes, startup_stm32f407xx.o(.text))
<BR>[Address Reference Count : 1]<UL><LI> startup_stm32f407xx.o(RESET)
</UL>
<P><STRONG><a name="[80]"></a>CAN1_SCE_IRQHandler</STRONG> (Thumb, 0 bytes, Stack size 0 bytes, startup_stm32f407xx.o(.text))
<BR>[Address Reference Count : 1]<UL><LI> startup_stm32f407xx.o(RESET)
</UL>
<P><STRONG><a name="[7d]"></a>CAN1_TX_IRQHandler</STRONG> (Thumb, 0 bytes, Stack size 0 bytes, startup_stm32f407xx.o(.text))
<BR>[Address Reference Count : 1]<UL><LI> startup_stm32f407xx.o(RESET)
</UL>
<P><STRONG><a name="[aa]"></a>CAN2_RX0_IRQHandler</STRONG> (Thumb, 0 bytes, Stack size 0 bytes, startup_stm32f407xx.o(.text))
<BR>[Address Reference Count : 1]<UL><LI> startup_stm32f407xx.o(RESET)
</UL>
<P><STRONG><a name="[ab]"></a>CAN2_RX1_IRQHandler</STRONG> (Thumb, 0 bytes, Stack size 0 bytes, startup_stm32f407xx.o(.text))
<BR>[Address Reference Count : 1]<UL><LI> startup_stm32f407xx.o(RESET)
</UL>
<P><STRONG><a name="[ac]"></a>CAN2_SCE_IRQHandler</STRONG> (Thumb, 0 bytes, Stack size 0 bytes, startup_stm32f407xx.o(.text))
<BR>[Address Reference Count : 1]<UL><LI> startup_stm32f407xx.o(RESET)
</UL>
<P><STRONG><a name="[a9]"></a>CAN2_TX_IRQHandler</STRONG> (Thumb, 0 bytes, Stack size 0 bytes, startup_stm32f407xx.o(.text))
<BR>[Address Reference Count : 1]<UL><LI> startup_stm32f407xx.o(RESET)
</UL>
<P><STRONG><a name="[b8]"></a>DCMI_IRQHandler</STRONG> (Thumb, 0 bytes, Stack size 0 bytes, startup_stm32f407xx.o(.text))
<BR>[Address Reference Count : 1]<UL><LI> startup_stm32f407xx.o(RESET)
</UL>
<P><STRONG><a name="[75]"></a>DMA1_Stream0_IRQHandler</STRONG> (Thumb, 0 bytes, Stack size 0 bytes, startup_stm32f407xx.o(.text))
<BR>[Address Reference Count : 1]<UL><LI> startup_stm32f407xx.o(RESET)
</UL>
<P><STRONG><a name="[76]"></a>DMA1_Stream1_IRQHandler</STRONG> (Thumb, 0 bytes, Stack size 0 bytes, startup_stm32f407xx.o(.text))
<BR>[Address Reference Count : 1]<UL><LI> startup_stm32f407xx.o(RESET)
</UL>
<P><STRONG><a name="[77]"></a>DMA1_Stream2_IRQHandler</STRONG> (Thumb, 0 bytes, Stack size 0 bytes, startup_stm32f407xx.o(.text))
<BR>[Address Reference Count : 1]<UL><LI> startup_stm32f407xx.o(RESET)
</UL>
<P><STRONG><a name="[78]"></a>DMA1_Stream3_IRQHandler</STRONG> (Thumb, 0 bytes, Stack size 0 bytes, startup_stm32f407xx.o(.text))
<BR>[Address Reference Count : 1]<UL><LI> startup_stm32f407xx.o(RESET)
</UL>
<P><STRONG><a name="[79]"></a>DMA1_Stream4_IRQHandler</STRONG> (Thumb, 0 bytes, Stack size 0 bytes, startup_stm32f407xx.o(.text))
<BR>[Address Reference Count : 1]<UL><LI> startup_stm32f407xx.o(RESET)
</UL>
<P><STRONG><a name="[7a]"></a>DMA1_Stream5_IRQHandler</STRONG> (Thumb, 0 bytes, Stack size 0 bytes, startup_stm32f407xx.o(.text))
<BR>[Address Reference Count : 1]<UL><LI> startup_stm32f407xx.o(RESET)
</UL>
<P><STRONG><a name="[7b]"></a>DMA1_Stream6_IRQHandler</STRONG> (Thumb, 0 bytes, Stack size 0 bytes, startup_stm32f407xx.o(.text))
<BR>[Address Reference Count : 1]<UL><LI> startup_stm32f407xx.o(RESET)
</UL>
<P><STRONG><a name="[99]"></a>DMA1_Stream7_IRQHandler</STRONG> (Thumb, 0 bytes, Stack size 0 bytes, startup_stm32f407xx.o(.text))
<BR>[Address Reference Count : 1]<UL><LI> startup_stm32f407xx.o(RESET)
</UL>
<P><STRONG><a name="[a2]"></a>DMA2_Stream0_IRQHandler</STRONG> (Thumb, 0 bytes, Stack size 0 bytes, startup_stm32f407xx.o(.text))
<BR>[Address Reference Count : 1]<UL><LI> startup_stm32f407xx.o(RESET)
</UL>
<P><STRONG><a name="[a3]"></a>DMA2_Stream1_IRQHandler</STRONG> (Thumb, 0 bytes, Stack size 0 bytes, startup_stm32f407xx.o(.text))
<BR>[Address Reference Count : 1]<UL><LI> startup_stm32f407xx.o(RESET)
</UL>
<P><STRONG><a name="[a4]"></a>DMA2_Stream2_IRQHandler</STRONG> (Thumb, 0 bytes, Stack size 0 bytes, startup_stm32f407xx.o(.text))
<BR>[Address Reference Count : 1]<UL><LI> startup_stm32f407xx.o(RESET)
</UL>
<P><STRONG><a name="[a5]"></a>DMA2_Stream3_IRQHandler</STRONG> (Thumb, 0 bytes, Stack size 0 bytes, startup_stm32f407xx.o(.text))
<BR>[Address Reference Count : 1]<UL><LI> startup_stm32f407xx.o(RESET)
</UL>
<P><STRONG><a name="[a6]"></a>DMA2_Stream4_IRQHandler</STRONG> (Thumb, 0 bytes, Stack size 0 bytes, startup_stm32f407xx.o(.text))
<BR>[Address Reference Count : 1]<UL><LI> startup_stm32f407xx.o(RESET)
</UL>
<P><STRONG><a name="[ae]"></a>DMA2_Stream5_IRQHandler</STRONG> (Thumb, 0 bytes, Stack size 0 bytes, startup_stm32f407xx.o(.text))
<BR>[Address Reference Count : 1]<UL><LI> startup_stm32f407xx.o(RESET)
</UL>
<P><STRONG><a name="[af]"></a>DMA2_Stream6_IRQHandler</STRONG> (Thumb, 0 bytes, Stack size 0 bytes, startup_stm32f407xx.o(.text))
<BR>[Address Reference Count : 1]<UL><LI> startup_stm32f407xx.o(RESET)
</UL>
<P><STRONG><a name="[b0]"></a>DMA2_Stream7_IRQHandler</STRONG> (Thumb, 0 bytes, Stack size 0 bytes, startup_stm32f407xx.o(.text))
<BR>[Address Reference Count : 1]<UL><LI> startup_stm32f407xx.o(RESET)
</UL>
<P><STRONG><a name="[a7]"></a>ETH_IRQHandler</STRONG> (Thumb, 0 bytes, Stack size 0 bytes, startup_stm32f407xx.o(.text))
<BR>[Address Reference Count : 1]<UL><LI> startup_stm32f407xx.o(RESET)
</UL>
<P><STRONG><a name="[a8]"></a>ETH_WKUP_IRQHandler</STRONG> (Thumb, 0 bytes, Stack size 0 bytes, startup_stm32f407xx.o(.text))
<BR>[Address Reference Count : 1]<UL><LI> startup_stm32f407xx.o(RESET)
</UL>
<P><STRONG><a name="[70]"></a>EXTI0_IRQHandler</STRONG> (Thumb, 0 bytes, Stack size 0 bytes, startup_stm32f407xx.o(.text))
<BR>[Address Reference Count : 1]<UL><LI> startup_stm32f407xx.o(RESET)
</UL>
<P><STRONG><a name="[92]"></a>EXTI15_10_IRQHandler</STRONG> (Thumb, 0 bytes, Stack size 0 bytes, startup_stm32f407xx.o(.text))
<BR>[Address Reference Count : 1]<UL><LI> startup_stm32f407xx.o(RESET)
</UL>
<P><STRONG><a name="[71]"></a>EXTI1_IRQHandler</STRONG> (Thumb, 0 bytes, Stack size 0 bytes, startup_stm32f407xx.o(.text))
<BR>[Address Reference Count : 1]<UL><LI> startup_stm32f407xx.o(RESET)
</UL>
<P><STRONG><a name="[73]"></a>EXTI3_IRQHandler</STRONG> (Thumb, 0 bytes, Stack size 0 bytes, startup_stm32f407xx.o(.text))
<BR>[Address Reference Count : 1]<UL><LI> startup_stm32f407xx.o(RESET)
</UL>
<P><STRONG><a name="[74]"></a>EXTI4_IRQHandler</STRONG> (Thumb, 0 bytes, Stack size 0 bytes, startup_stm32f407xx.o(.text))
<BR>[Address Reference Count : 1]<UL><LI> startup_stm32f407xx.o(RESET)
</UL>
<P><STRONG><a name="[81]"></a>EXTI9_5_IRQHandler</STRONG> (Thumb, 0 bytes, Stack size 0 bytes, startup_stm32f407xx.o(.text))
<BR>[Address Reference Count : 1]<UL><LI> startup_stm32f407xx.o(RESET)
</UL>
<P><STRONG><a name="[6e]"></a>FLASH_IRQHandler</STRONG> (Thumb, 0 bytes, Stack size 0 bytes, startup_stm32f407xx.o(.text))
<BR>[Address Reference Count : 1]<UL><LI> startup_stm32f407xx.o(RESET)
</UL>
<P><STRONG><a name="[9a]"></a>FMC_IRQHandler</STRONG> (Thumb, 0 bytes, Stack size 0 bytes, startup_stm32f407xx.o(.text))
<BR>[Address Reference Count : 1]<UL><LI> startup_stm32f407xx.o(RESET)
</UL>
<P><STRONG><a name="[ba]"></a>FPU_IRQHandler</STRONG> (Thumb, 0 bytes, Stack size 0 bytes, startup_stm32f407xx.o(.text))
<BR>[Address Reference Count : 1]<UL><LI> startup_stm32f407xx.o(RESET)
</UL>
<P><STRONG><a name="[b9]"></a>HASH_RNG_IRQHandler</STRONG> (Thumb, 0 bytes, Stack size 0 bytes, startup_stm32f407xx.o(.text))
<BR>[Address Reference Count : 1]<UL><LI> startup_stm32f407xx.o(RESET)
</UL>
<P><STRONG><a name="[8a]"></a>I2C1_ER_IRQHandler</STRONG> (Thumb, 0 bytes, Stack size 0 bytes, startup_stm32f407xx.o(.text))
<BR>[Address Reference Count : 1]<UL><LI> startup_stm32f407xx.o(RESET)
</UL>
<P><STRONG><a name="[89]"></a>I2C1_EV_IRQHandler</STRONG> (Thumb, 0 bytes, Stack size 0 bytes, startup_stm32f407xx.o(.text))
<BR>[Address Reference Count : 1]<UL><LI> startup_stm32f407xx.o(RESET)
</UL>
<P><STRONG><a name="[8c]"></a>I2C2_ER_IRQHandler</STRONG> (Thumb, 0 bytes, Stack size 0 bytes, startup_stm32f407xx.o(.text))
<BR>[Address Reference Count : 1]<UL><LI> startup_stm32f407xx.o(RESET)
</UL>
<P><STRONG><a name="[8b]"></a>I2C2_EV_IRQHandler</STRONG> (Thumb, 0 bytes, Stack size 0 bytes, startup_stm32f407xx.o(.text))
<BR>[Address Reference Count : 1]<UL><LI> startup_stm32f407xx.o(RESET)
</UL>
<P><STRONG><a name="[b3]"></a>I2C3_ER_IRQHandler</STRONG> (Thumb, 0 bytes, Stack size 0 bytes, startup_stm32f407xx.o(.text))
<BR>[Address Reference Count : 1]<UL><LI> startup_stm32f407xx.o(RESET)
</UL>
<P><STRONG><a name="[b2]"></a>I2C3_EV_IRQHandler</STRONG> (Thumb, 0 bytes, Stack size 0 bytes, startup_stm32f407xx.o(.text))
<BR>[Address Reference Count : 1]<UL><LI> startup_stm32f407xx.o(RESET)
</UL>
<P><STRONG><a name="[ad]"></a>OTG_FS_IRQHandler</STRONG> (Thumb, 0 bytes, Stack size 0 bytes, startup_stm32f407xx.o(.text))
<BR>[Address Reference Count : 1]<UL><LI> startup_stm32f407xx.o(RESET)
</UL>
<P><STRONG><a name="[94]"></a>OTG_FS_WKUP_IRQHandler</STRONG> (Thumb, 0 bytes, Stack size 0 bytes, startup_stm32f407xx.o(.text))
<BR>[Address Reference Count : 1]<UL><LI> startup_stm32f407xx.o(RESET)
</UL>
<P><STRONG><a name="[b5]"></a>OTG_HS_EP1_IN_IRQHandler</STRONG> (Thumb, 0 bytes, Stack size 0 bytes, startup_stm32f407xx.o(.text))
<BR>[Address Reference Count : 1]<UL><LI> startup_stm32f407xx.o(RESET)
</UL>
<P><STRONG><a name="[b4]"></a>OTG_HS_EP1_OUT_IRQHandler</STRONG> (Thumb, 0 bytes, Stack size 0 bytes, startup_stm32f407xx.o(.text))
<BR>[Address Reference Count : 1]<UL><LI> startup_stm32f407xx.o(RESET)
</UL>
<P><STRONG><a name="[b7]"></a>OTG_HS_IRQHandler</STRONG> (Thumb, 0 bytes, Stack size 0 bytes, startup_stm32f407xx.o(.text))
<BR>[Address Reference Count : 1]<UL><LI> startup_stm32f407xx.o(RESET)
</UL>
<P><STRONG><a name="[b6]"></a>OTG_HS_WKUP_IRQHandler</STRONG> (Thumb, 0 bytes, Stack size 0 bytes, startup_stm32f407xx.o(.text))
<BR>[Address Reference Count : 1]<UL><LI> startup_stm32f407xx.o(RESET)
</UL>
<P><STRONG><a name="[6b]"></a>PVD_IRQHandler</STRONG> (Thumb, 0 bytes, Stack size 0 bytes, startup_stm32f407xx.o(.text))
<BR>[Address Reference Count : 1]<UL><LI> startup_stm32f407xx.o(RESET)
</UL>
<P><STRONG><a name="[6f]"></a>RCC_IRQHandler</STRONG> (Thumb, 0 bytes, Stack size 0 bytes, startup_stm32f407xx.o(.text))
<BR>[Address Reference Count : 1]<UL><LI> startup_stm32f407xx.o(RESET)
</UL>
<P><STRONG><a name="[93]"></a>RTC_Alarm_IRQHandler</STRONG> (Thumb, 0 bytes, Stack size 0 bytes, startup_stm32f407xx.o(.text))
<BR>[Address Reference Count : 1]<UL><LI> startup_stm32f407xx.o(RESET)
</UL>
<P><STRONG><a name="[6d]"></a>RTC_WKUP_IRQHandler</STRONG> (Thumb, 0 bytes, Stack size 0 bytes, startup_stm32f407xx.o(.text))
<BR>[Address Reference Count : 1]<UL><LI> startup_stm32f407xx.o(RESET)
</UL>
<P><STRONG><a name="[9b]"></a>SDIO_IRQHandler</STRONG> (Thumb, 0 bytes, Stack size 0 bytes, startup_stm32f407xx.o(.text))
<BR>[Address Reference Count : 1]<UL><LI> startup_stm32f407xx.o(RESET)
</UL>
<P><STRONG><a name="[8d]"></a>SPI1_IRQHandler</STRONG> (Thumb, 0 bytes, Stack size 0 bytes, startup_stm32f407xx.o(.text))
<BR>[Address Reference Count : 1]<UL><LI> startup_stm32f407xx.o(RESET)
</UL>
<P><STRONG><a name="[8e]"></a>SPI2_IRQHandler</STRONG> (Thumb, 0 bytes, Stack size 0 bytes, startup_stm32f407xx.o(.text))
<BR>[Address Reference Count : 1]<UL><LI> startup_stm32f407xx.o(RESET)
</UL>
<P><STRONG><a name="[9d]"></a>SPI3_IRQHandler</STRONG> (Thumb, 0 bytes, Stack size 0 bytes, startup_stm32f407xx.o(.text))
<BR>[Address Reference Count : 1]<UL><LI> startup_stm32f407xx.o(RESET)
</UL>
<P><STRONG><a name="[6c]"></a>TAMP_STAMP_IRQHandler</STRONG> (Thumb, 0 bytes, Stack size 0 bytes, startup_stm32f407xx.o(.text))
<BR>[Address Reference Count : 1]<UL><LI> startup_stm32f407xx.o(RESET)
</UL>
<P><STRONG><a name="[82]"></a>TIM1_BRK_TIM9_IRQHandler</STRONG> (Thumb, 0 bytes, Stack size 0 bytes, startup_stm32f407xx.o(.text))
<BR>[Address Reference Count : 1]<UL><LI> startup_stm32f407xx.o(RESET)
</UL>
<P><STRONG><a name="[85]"></a>TIM1_CC_IRQHandler</STRONG> (Thumb, 0 bytes, Stack size 0 bytes, startup_stm32f407xx.o(.text))
<BR>[Address Reference Count : 1]<UL><LI> startup_stm32f407xx.o(RESET)
</UL>
<P><STRONG><a name="[84]"></a>TIM1_TRG_COM_TIM11_IRQHandler</STRONG> (Thumb, 0 bytes, Stack size 0 bytes, startup_stm32f407xx.o(.text))
<BR>[Address Reference Count : 1]<UL><LI> startup_stm32f407xx.o(RESET)
</UL>
<P><STRONG><a name="[86]"></a>TIM2_IRQHandler</STRONG> (Thumb, 0 bytes, Stack size 0 bytes, startup_stm32f407xx.o(.text))
<BR>[Address Reference Count : 1]<UL><LI> startup_stm32f407xx.o(RESET)
</UL>
<P><STRONG><a name="[87]"></a>TIM3_IRQHandler</STRONG> (Thumb, 0 bytes, Stack size 0 bytes, startup_stm32f407xx.o(.text))
<BR>[Address Reference Count : 1]<UL><LI> startup_stm32f407xx.o(RESET)
</UL>
<P><STRONG><a name="[88]"></a>TIM4_IRQHandler</STRONG> (Thumb, 0 bytes, Stack size 0 bytes, startup_stm32f407xx.o(.text))
<BR>[Address Reference Count : 1]<UL><LI> startup_stm32f407xx.o(RESET)
</UL>
<P><STRONG><a name="[9c]"></a>TIM5_IRQHandler</STRONG> (Thumb, 0 bytes, Stack size 0 bytes, startup_stm32f407xx.o(.text))
<BR>[Address Reference Count : 1]<UL><LI> startup_stm32f407xx.o(RESET)
</UL>
<P><STRONG><a name="[a0]"></a>TIM6_DAC_IRQHandler</STRONG> (Thumb, 0 bytes, Stack size 0 bytes, startup_stm32f407xx.o(.text))
<BR>[Address Reference Count : 1]<UL><LI> startup_stm32f407xx.o(RESET)
</UL>
<P><STRONG><a name="[a1]"></a>TIM7_IRQHandler</STRONG> (Thumb, 0 bytes, Stack size 0 bytes, startup_stm32f407xx.o(.text))
<BR>[Address Reference Count : 1]<UL><LI> startup_stm32f407xx.o(RESET)
</UL>
<P><STRONG><a name="[95]"></a>TIM8_BRK_TIM12_IRQHandler</STRONG> (Thumb, 0 bytes, Stack size 0 bytes, startup_stm32f407xx.o(.text))
<BR>[Address Reference Count : 1]<UL><LI> startup_stm32f407xx.o(RESET)
</UL>
<P><STRONG><a name="[98]"></a>TIM8_CC_IRQHandler</STRONG> (Thumb, 0 bytes, Stack size 0 bytes, startup_stm32f407xx.o(.text))
<BR>[Address Reference Count : 1]<UL><LI> startup_stm32f407xx.o(RESET)
</UL>
<P><STRONG><a name="[97]"></a>TIM8_TRG_COM_TIM14_IRQHandler</STRONG> (Thumb, 0 bytes, Stack size 0 bytes, startup_stm32f407xx.o(.text))
<BR>[Address Reference Count : 1]<UL><LI> startup_stm32f407xx.o(RESET)
</UL>
<P><STRONG><a name="[96]"></a>TIM8_UP_TIM13_IRQHandler</STRONG> (Thumb, 0 bytes, Stack size 0 bytes, startup_stm32f407xx.o(.text))
<BR>[Address Reference Count : 1]<UL><LI> startup_stm32f407xx.o(RESET)
</UL>
<P><STRONG><a name="[9e]"></a>UART4_IRQHandler</STRONG> (Thumb, 0 bytes, Stack size 0 bytes, startup_stm32f407xx.o(.text))
<BR>[Address Reference Count : 1]<UL><LI> startup_stm32f407xx.o(RESET)
</UL>
<P><STRONG><a name="[9f]"></a>UART5_IRQHandler</STRONG> (Thumb, 0 bytes, Stack size 0 bytes, startup_stm32f407xx.o(.text))
<BR>[Address Reference Count : 1]<UL><LI> startup_stm32f407xx.o(RESET)
</UL>
<P><STRONG><a name="[b1]"></a>USART6_IRQHandler</STRONG> (Thumb, 0 bytes, Stack size 0 bytes, startup_stm32f407xx.o(.text))
<BR>[Address Reference Count : 1]<UL><LI> startup_stm32f407xx.o(RESET)
</UL>
<P><STRONG><a name="[6a]"></a>WWDG_IRQHandler</STRONG> (Thumb, 0 bytes, Stack size 0 bytes, startup_stm32f407xx.o(.text))
<BR>[Address Reference Count : 1]<UL><LI> startup_stm32f407xx.o(RESET)
</UL>
<P><STRONG><a name="[140]"></a>__aeabi_uldivmod</STRONG> (Thumb, 98 bytes, Stack size 40 bytes, uldiv.o(.text))
<BR><BR>[Stack]<UL><LI>Max Depth = 40<LI>Call Chain = __aeabi_uldivmod
</UL>
<BR>[Calls]<UL><LI><a href="#[141]">&gt;&gt;</a>&nbsp;&nbsp;&nbsp;__aeabi_llsr
<LI><a href="#[142]">&gt;&gt;</a>&nbsp;&nbsp;&nbsp;__aeabi_llsl
</UL>
<BR>[Called By]<UL><LI><a href="#[332]">&gt;&gt;</a>&nbsp;&nbsp;&nbsp;UART_SetConfig
<LI><a href="#[323]">&gt;&gt;</a>&nbsp;&nbsp;&nbsp;HAL_RCC_GetSysClockFreq
<LI><a href="#[282]">&gt;&gt;</a>&nbsp;&nbsp;&nbsp;DjiUnit_Conversion
<LI><a href="#[143]">&gt;&gt;</a>&nbsp;&nbsp;&nbsp;__aeabi_ldivmod
<LI><a href="#[38a]">&gt;&gt;</a>&nbsp;&nbsp;&nbsp;_printf_core
<LI><a href="#[390]">&gt;&gt;</a>&nbsp;&nbsp;&nbsp;_fp_digits
</UL>

<P><STRONG><a name="[143]"></a>__aeabi_ldivmod</STRONG> (Thumb, 98 bytes, Stack size 24 bytes, ldiv.o(.text))
<BR><BR>[Stack]<UL><LI>Max Depth = 64<LI>Call Chain = __aeabi_ldivmod &rArr; __aeabi_uldivmod
</UL>
<BR>[Calls]<UL><LI><a href="#[140]">&gt;&gt;</a>&nbsp;&nbsp;&nbsp;__aeabi_uldivmod
</UL>
<BR>[Called By]<UL><LI><a href="#[100]">&gt;&gt;</a>&nbsp;&nbsp;&nbsp;DjiHighSpeedDataChannel_PushHighspeedChannelAvailableBandwidthHandle
</UL>

<P><STRONG><a name="[141]"></a>__aeabi_llsr</STRONG> (Thumb, 32 bytes, Stack size 0 bytes, llushr.o(.text))
<BR><BR>[Called By]<UL><LI><a href="#[154]">&gt;&gt;</a>&nbsp;&nbsp;&nbsp;__aeabi_d2iz
<LI><a href="#[155]">&gt;&gt;</a>&nbsp;&nbsp;&nbsp;__aeabi_d2uiz
<LI><a href="#[127]">&gt;&gt;</a>&nbsp;&nbsp;&nbsp;SHA256_final
<LI><a href="#[13b]">&gt;&gt;</a>&nbsp;&nbsp;&nbsp;SHA_final
<LI><a href="#[140]">&gt;&gt;</a>&nbsp;&nbsp;&nbsp;__aeabi_uldivmod
<LI><a href="#[14c]">&gt;&gt;</a>&nbsp;&nbsp;&nbsp;_double_epilogue
<LI><a href="#[161]">&gt;&gt;</a>&nbsp;&nbsp;&nbsp;__aeabi_d2ulz
</UL>

<P><STRONG><a name="[41e]"></a>_ll_ushift_r</STRONG> (Thumb, 0 bytes, Stack size 0 bytes, llushr.o(.text), UNUSED)

<P><STRONG><a name="[3c7]"></a>tolower</STRONG> (Thumb, 12 bytes, Stack size 0 bytes, tolower.o(.text))
<BR><BR>[Called By]<UL><LI><a href="#[3ad]">&gt;&gt;</a>&nbsp;&nbsp;&nbsp;get_object_item
</UL>

<P><STRONG><a name="[343]"></a>rand</STRONG> (Thumb, 20 bytes, Stack size 0 bytes, rand.o(.text))
<BR><BR>[Called By]<UL><LI><a href="#[ea]">&gt;&gt;</a>&nbsp;&nbsp;&nbsp;Osal_GetRandomNum
</UL>

<P><STRONG><a name="[41f]"></a>srand</STRONG> (Thumb, 6 bytes, Stack size 0 bytes, rand.o(.text), UNUSED)

<P><STRONG><a name="[420]"></a>___aeabi_memcpy8$ret</STRONG> (Thumb, 0 bytes, Stack size 8 bytes, memcpy.o(.text), UNUSED)

<P><STRONG><a name="[19a]"></a>__aeabi_memcpy</STRONG> (Thumb, 40 bytes, Stack size 8 bytes, memcpy.o(.text))
<BR><BR>[Stack]<UL><LI>Max Depth = 8<LI>Call Chain = __aeabi_memcpy
</UL>
<BR>[Called By]<UL><LI><a href="#[1fd]">&gt;&gt;</a>&nbsp;&nbsp;&nbsp;DjiCore_SetSerialNumber
<LI><a href="#[1e7]">&gt;&gt;</a>&nbsp;&nbsp;&nbsp;DjiCore_Init
<LI><a href="#[2ce]">&gt;&gt;</a>&nbsp;&nbsp;&nbsp;DjiUser_FillInUserInfo
<LI><a href="#[3f2]">&gt;&gt;</a>&nbsp;&nbsp;&nbsp;prvCopyDataToQueue
<LI><a href="#[3f1]">&gt;&gt;</a>&nbsp;&nbsp;&nbsp;prvCopyDataFromQueue
<LI><a href="#[34e]">&gt;&gt;</a>&nbsp;&nbsp;&nbsp;RingBuf_Put
<LI><a href="#[34d]">&gt;&gt;</a>&nbsp;&nbsp;&nbsp;RingBuf_Get
<LI><a href="#[10f]">&gt;&gt;</a>&nbsp;&nbsp;&nbsp;DjiBattery_WholeInfoPushingHandle
<LI><a href="#[128]">&gt;&gt;</a>&nbsp;&nbsp;&nbsp;SHA256_hash
<LI><a href="#[105]">&gt;&gt;</a>&nbsp;&nbsp;&nbsp;DjiAircraftConnection_ReceiveFCGetVersionHandle
<LI><a href="#[187]">&gt;&gt;</a>&nbsp;&nbsp;&nbsp;DjiSdkVersionAck_Parse
<LI><a href="#[194]">&gt;&gt;</a>&nbsp;&nbsp;&nbsp;DjiCommand_UpdateConfig
<LI><a href="#[18b]">&gt;&gt;</a>&nbsp;&nbsp;&nbsp;DjiCommand_Init
<LI><a href="#[2ed]">&gt;&gt;</a>&nbsp;&nbsp;&nbsp;DjiWidget_PushWidgetStatePacket
<LI><a href="#[d1]">&gt;&gt;</a>&nbsp;&nbsp;&nbsp;DjiWidgetFloatingWindow_SendDataToFloatWindowWithoutFlowControl
<LI><a href="#[198]">&gt;&gt;</a>&nbsp;&nbsp;&nbsp;DjiCommand_SendAsync
<LI><a href="#[283]">&gt;&gt;</a>&nbsp;&nbsp;&nbsp;DjiProductInfo_GetInfo
<LI><a href="#[101]">&gt;&gt;</a>&nbsp;&nbsp;&nbsp;DjiProductInfo_GetPayloadInfoHandle
<LI><a href="#[284]">&gt;&gt;</a>&nbsp;&nbsp;&nbsp;DjiStr_PutStrToBuf
<LI><a href="#[115]">&gt;&gt;</a>&nbsp;&nbsp;&nbsp;DjiIdentityVerify_RequestUploadPolicyFileHandle
<LI><a href="#[27a]">&gt;&gt;</a>&nbsp;&nbsp;&nbsp;DjiFlowController_TryPutDataToBuffer
<LI><a href="#[1d7]">&gt;&gt;</a>&nbsp;&nbsp;&nbsp;DjiBuffer_PutToFront
<LI><a href="#[1d6]">&gt;&gt;</a>&nbsp;&nbsp;&nbsp;DjiBuffer_PutToBack
<LI><a href="#[1d2]">&gt;&gt;</a>&nbsp;&nbsp;&nbsp;DjiBuffer_GetFromFront
<LI><a href="#[210]">&gt;&gt;</a>&nbsp;&nbsp;&nbsp;DjiDataDownloader_SendDownloadData
<LI><a href="#[113]">&gt;&gt;</a>&nbsp;&nbsp;&nbsp;DjiDataDownloader_DownloadDataRequest
<LI><a href="#[25d]">&gt;&gt;</a>&nbsp;&nbsp;&nbsp;DjiDownloadFileWidget_GeneratedFileInfoList
<LI><a href="#[c5]">&gt;&gt;</a>&nbsp;&nbsp;&nbsp;DjiCommand_SendSyncCallback
<LI><a href="#[1ed]">&gt;&gt;</a>&nbsp;&nbsp;&nbsp;DjiProductInfo_Init
<LI><a href="#[1cb]">&gt;&gt;</a>&nbsp;&nbsp;&nbsp;DjiAuth_Sha256RsaVerify
<LI><a href="#[170]">&gt;&gt;</a>&nbsp;&nbsp;&nbsp;DjiCore_GetUserInfo
<LI><a href="#[fc]">&gt;&gt;</a>&nbsp;&nbsp;&nbsp;DjiApplicationReadyState_GetVersionHandle
<LI><a href="#[fd]">&gt;&gt;</a>&nbsp;&nbsp;&nbsp;DjiApplicationReadyState_GetSerialNumber
<LI><a href="#[182]">&gt;&gt;</a>&nbsp;&nbsp;&nbsp;DjiCommand_SendSync
<LI><a href="#[199]">&gt;&gt;</a>&nbsp;&nbsp;&nbsp;DjiCommand_SendAckData
<LI><a href="#[273]">&gt;&gt;</a>&nbsp;&nbsp;&nbsp;DjiStr_Duplicate
<LI><a href="#[20b]">&gt;&gt;</a>&nbsp;&nbsp;&nbsp;DjiHighSpeedDataChannel_GetDownloadStreamState
<LI><a href="#[247]">&gt;&gt;</a>&nbsp;&nbsp;&nbsp;DjiDeviceInfoParse_ParseHostInfo
<LI><a href="#[245]">&gt;&gt;</a>&nbsp;&nbsp;&nbsp;DjiDeviceInfoParse_ParseDeviceInfo
<LI><a href="#[248]">&gt;&gt;</a>&nbsp;&nbsp;&nbsp;DjiDeviceInfoParse_ParseDataInfo
<LI><a href="#[246]">&gt;&gt;</a>&nbsp;&nbsp;&nbsp;DjiDeviceInfoParse_ParseChannelInfo
<LI><a href="#[239]">&gt;&gt;</a>&nbsp;&nbsp;&nbsp;DjiDataSubscriptionDds_v3_XrceUpdateTopicPeriod
<LI><a href="#[238]">&gt;&gt;</a>&nbsp;&nbsp;&nbsp;DjiDataSubscriptionDds_v3_XrceSubscribeTopic
<LI><a href="#[231]">&gt;&gt;</a>&nbsp;&nbsp;&nbsp;DjiDataSubscriptionDds_v3_XrceStopSubscribeTopic
<LI><a href="#[236]">&gt;&gt;</a>&nbsp;&nbsp;&nbsp;DjiDataSubscriptionDds_v3_XrcePublishTopic
<LI><a href="#[121]">&gt;&gt;</a>&nbsp;&nbsp;&nbsp;DjiDataSubscriptionDds_v3_RecvPublishDataCallback
<LI><a href="#[4a]">&gt;&gt;</a>&nbsp;&nbsp;&nbsp;DjiDataSubscriptionDds_v3_GetLastValueOfTopic
<LI><a href="#[22f]">&gt;&gt;</a>&nbsp;&nbsp;&nbsp;DjiDataSubscriptionDds_v2_XrceUpdateTopicPeriod
<LI><a href="#[22e]">&gt;&gt;</a>&nbsp;&nbsp;&nbsp;DjiDataSubscriptionDds_v2_XrceSubscribeTopic
<LI><a href="#[229]">&gt;&gt;</a>&nbsp;&nbsp;&nbsp;DjiDataSubscriptionDds_v2_XrceStopSubscribeTopic
<LI><a href="#[120]">&gt;&gt;</a>&nbsp;&nbsp;&nbsp;DjiDataSubscriptionDds_v2_RecvPublishDataCallback
<LI><a href="#[1f]">&gt;&gt;</a>&nbsp;&nbsp;&nbsp;DjiDataSubscriptionDds_v2_GetLastValueOfTopic
<LI><a href="#[294]">&gt;&gt;</a>&nbsp;&nbsp;&nbsp;DjiMemory_Realloc
<LI><a href="#[122]">&gt;&gt;</a>&nbsp;&nbsp;&nbsp;DjiRecorder_SendDataV2
<LI><a href="#[2bc]">&gt;&gt;</a>&nbsp;&nbsp;&nbsp;DjiRecorder_SendData
<LI><a href="#[11b]">&gt;&gt;</a>&nbsp;&nbsp;&nbsp;DjiRecorder_PutDataToBuffer
<LI><a href="#[28e]">&gt;&gt;</a>&nbsp;&nbsp;&nbsp;DjiMsgq_Send
<LI><a href="#[28c]">&gt;&gt;</a>&nbsp;&nbsp;&nbsp;DjiMsgq_Recv
<LI><a href="#[11a]">&gt;&gt;</a>&nbsp;&nbsp;&nbsp;DjiPayloadNegotiate_PayloadNegotiateInquiretHandle
<LI><a href="#[2a6]">&gt;&gt;</a>&nbsp;&nbsp;&nbsp;DjiPayloadNegotiate_v2_AddDeviceSync
<LI><a href="#[2a7]">&gt;&gt;</a>&nbsp;&nbsp;&nbsp;DjiPayloadNegotiate_NotifyHandle
<LI><a href="#[2a2]">&gt;&gt;</a>&nbsp;&nbsp;&nbsp;DjiPayloadNegotiate_DeviceInfoHandle
<LI><a href="#[29c]">&gt;&gt;</a>&nbsp;&nbsp;&nbsp;DjiPayloadNegotiate_AddDeviceSync
<LI><a href="#[26]">&gt;&gt;</a>&nbsp;&nbsp;&nbsp;DjiWidgetFileArray_GetFileData
<LI><a href="#[124]">&gt;&gt;</a>&nbsp;&nbsp;&nbsp;DjiAuth_SecurityChipCommunicateHandle
<LI><a href="#[123]">&gt;&gt;</a>&nbsp;&nbsp;&nbsp;DjiAuth_SecurityAuthHandle
<LI><a href="#[13c]">&gt;&gt;</a>&nbsp;&nbsp;&nbsp;SHA_hash
<LI><a href="#[3e8]">&gt;&gt;</a>&nbsp;&nbsp;&nbsp;queue_rear_pop
<LI><a href="#[3db]">&gt;&gt;</a>&nbsp;&nbsp;&nbsp;queue_front_push
<LI><a href="#[3e7]">&gt;&gt;</a>&nbsp;&nbsp;&nbsp;queue_front_pop
<LI><a href="#[5e]">&gt;&gt;</a>&nbsp;&nbsp;&nbsp;proto_i2c_reset
<LI><a href="#[5b]">&gt;&gt;</a>&nbsp;&nbsp;&nbsp;proto_i2c_open
<LI><a href="#[3a1]">&gt;&gt;</a>&nbsp;&nbsp;&nbsp;apdu_get_id
<LI><a href="#[3a4]">&gt;&gt;</a>&nbsp;&nbsp;&nbsp;apdu_read_file
<LI><a href="#[3b9]">&gt;&gt;</a>&nbsp;&nbsp;&nbsp;ex_3des_mac
<LI><a href="#[30]">&gt;&gt;</a>&nbsp;&nbsp;&nbsp;DjiDataSubscriptionPublisher_RecvFCDataDb2Handle
<LI><a href="#[3a3]">&gt;&gt;</a>&nbsp;&nbsp;&nbsp;apdu_get_random
<LI><a href="#[399]">&gt;&gt;</a>&nbsp;&nbsp;&nbsp;apdu_asym_sign
<LI><a href="#[39c]">&gt;&gt;</a>&nbsp;&nbsp;&nbsp;queue_rear_push
<LI><a href="#[1c7]">&gt;&gt;</a>&nbsp;&nbsp;&nbsp;writefile_enc_mac
[...]
<LI><a href="#[182]">&gt;&gt;</a>&nbsp;&nbsp;&nbsp;DjiCommand_SendSync
<LI><a href="#[195]">&gt;&gt;</a>&nbsp;&nbsp;&nbsp;DjiCommand_GetSeqNum
<LI><a href="#[181]">&gt;&gt;</a>&nbsp;&nbsp;&nbsp;DjiAccessAdapter_GetCmdHandle
<LI><a href="#[19a]">&gt;&gt;</a>&nbsp;&nbsp;&nbsp;__aeabi_memcpy
<LI><a href="#[43]">&gt;&gt;</a>&nbsp;&nbsp;&nbsp;free
</UL>
<BR>[Called By]<UL><LI><a href="#[2c2]">&gt;&gt;</a>&nbsp;&nbsp;&nbsp;DjiSdkActivate_ReportBruiedPointDataByV1
</UL>

<P><STRONG><a name="[1bb]"></a>DjiAuthAdapter_GetFidByType</STRONG> (Thumb, 70 bytes, Stack size 16 bytes, dji_sdk_cc_driver.o(i.DjiAuthAdapter_GetFidByType))
<BR><BR>[Stack]<UL><LI>Max Depth = 152<LI>Call Chain = DjiAuthAdapter_GetFidByType &rArr; DjiLogger_Output &rArr; __2snprintf
</UL>
<BR>[Calls]<UL><LI><a href="#[171]">&gt;&gt;</a>&nbsp;&nbsp;&nbsp;DjiLogger_Output
</UL>
<BR>[Called By]<UL><LI><a href="#[1c6]">&gt;&gt;</a>&nbsp;&nbsp;&nbsp;DjiAuthAdapter_WriteFile
<LI><a href="#[1c3]">&gt;&gt;</a>&nbsp;&nbsp;&nbsp;DjiAuthAdapter_ReadFile
</UL>

<P><STRONG><a name="[350]"></a>SHA1_Transform</STRONG> (Thumb, 260 bytes, Stack size 356 bytes, dji_sha.o(i.SHA1_Transform))
<BR><BR>[Stack]<UL><LI>Max Depth = 356<LI>Call Chain = SHA1_Transform
</UL>
<BR>[Called By]<UL><LI><a href="#[13a]">&gt;&gt;</a>&nbsp;&nbsp;&nbsp;SHA_update
</UL>

<P><STRONG><a name="[38f]"></a>add_driver</STRONG> (Thumb, 64 bytes, Stack size 16 bytes, acl.o(i.add_driver))
<BR><BR>[Stack]<UL><LI>Max Depth = 24<LI>Call Chain = add_driver &rArr; add_periph
</UL>
<BR>[Calls]<UL><LI><a href="#[398]">&gt;&gt;</a>&nbsp;&nbsp;&nbsp;add_periph
</UL>
<BR>[Called By]<UL><LI><a href="#[1c0]">&gt;&gt;</a>&nbsp;&nbsp;&nbsp;_acl_register
</UL>

<P><STRONG><a name="[398]"></a>add_periph</STRONG> (Thumb, 38 bytes, Stack size 8 bytes, acl.o(i.add_periph))
<BR><BR>[Stack]<UL><LI>Max Depth = 8<LI>Call Chain = add_periph
</UL>
<BR>[Called By]<UL><LI><a href="#[38f]">&gt;&gt;</a>&nbsp;&nbsp;&nbsp;add_driver
</UL>

<P><STRONG><a name="[396]"></a>find_driver</STRONG> (Thumb, 30 bytes, Stack size 0 bytes, acl.o(i.find_driver))
<BR><BR>[Called By]<UL><LI><a href="#[395]">&gt;&gt;</a>&nbsp;&nbsp;&nbsp;acl_select
</UL>

<P><STRONG><a name="[397]"></a>find_slave_device</STRONG> (Thumb, 32 bytes, Stack size 0 bytes, acl.o(i.find_slave_device))
<BR><BR>[Called By]<UL><LI><a href="#[395]">&gt;&gt;</a>&nbsp;&nbsp;&nbsp;acl_select
</UL>

<P><STRONG><a name="[23e]"></a>DjiDataSubscriptionPackage_Subscribe</STRONG> (Thumb, 110 bytes, Stack size 72 bytes, dji_data_subscription_package.o(i.DjiDataSubscriptionPackage_Subscribe))
<BR><BR>[Stack]<UL><LI>Max Depth = 296<LI>Call Chain = DjiDataSubscriptionPackage_Subscribe &rArr; DjiDataSubscriptionOps_GetOpsSync &rArr; DjiDataSubscriptionParamConfig_Get &rArr; DjiLogger_Output &rArr; __2snprintf
</UL>
<BR>[Calls]<UL><LI><a href="#[213]">&gt;&gt;</a>&nbsp;&nbsp;&nbsp;DjiDataSubscriptionParamConfig_Get
<LI><a href="#[171]">&gt;&gt;</a>&nbsp;&nbsp;&nbsp;DjiLogger_Output
<LI><a href="#[23b]">&gt;&gt;</a>&nbsp;&nbsp;&nbsp;DjiDataSubscriptionOps_GetOpsSync
<LI><a href="#[16f]">&gt;&gt;</a>&nbsp;&nbsp;&nbsp;__aeabi_memclr4
</UL>
<BR>[Called By]<UL><LI><a href="#[225]">&gt;&gt;</a>&nbsp;&nbsp;&nbsp;DjiDataSubscriptionPackage_CutTopic
<LI><a href="#[222]">&gt;&gt;</a>&nbsp;&nbsp;&nbsp;DjiDataSubscriptionPackage_AddTopic
</UL>

<P><STRONG><a name="[23c]"></a>DjiDataSubscriptionPackage_UnSubscribe</STRONG> (Thumb, 110 bytes, Stack size 72 bytes, dji_data_subscription_package.o(i.DjiDataSubscriptionPackage_UnSubscribe))
<BR><BR>[Stack]<UL><LI>Max Depth = 296<LI>Call Chain = DjiDataSubscriptionPackage_UnSubscribe &rArr; DjiDataSubscriptionOps_GetOpsSync &rArr; DjiDataSubscriptionParamConfig_Get &rArr; DjiLogger_Output &rArr; __2snprintf
</UL>
<BR>[Calls]<UL><LI><a href="#[213]">&gt;&gt;</a>&nbsp;&nbsp;&nbsp;DjiDataSubscriptionParamConfig_Get
<LI><a href="#[171]">&gt;&gt;</a>&nbsp;&nbsp;&nbsp;DjiLogger_Output
<LI><a href="#[23b]">&gt;&gt;</a>&nbsp;&nbsp;&nbsp;DjiDataSubscriptionOps_GetOpsSync
<LI><a href="#[16f]">&gt;&gt;</a>&nbsp;&nbsp;&nbsp;__aeabi_memclr4
</UL>
<BR>[Called By]<UL><LI><a href="#[225]">&gt;&gt;</a>&nbsp;&nbsp;&nbsp;DjiDataSubscriptionPackage_CutTopic
<LI><a href="#[222]">&gt;&gt;</a>&nbsp;&nbsp;&nbsp;DjiDataSubscriptionPackage_AddTopic
</UL>

<P><STRONG><a name="[30]"></a>DjiDataSubscriptionPublisher_RecvFCDataDb2Handle</STRONG> (Thumb, 398 bytes, Stack size 80 bytes, dji_data_subscription_publisher.o(i.DjiDataSubscriptionPublisher_RecvFCDataDb2Handle))
<BR><BR>[Stack]<UL><LI>Max Depth = 280<LI>Call Chain = DjiDataSubscriptionPublisher_RecvFCDataDb2Handle &rArr; DjiDataSubscriptionPublisher_FindPackageByIndex &rArr; DjiLogger_Output &rArr; __2snprintf
</UL>
<BR>[Calls]<UL><LI><a href="#[16e]">&gt;&gt;</a>&nbsp;&nbsp;&nbsp;DjiPlatform_GetOsalHandler
<LI><a href="#[213]">&gt;&gt;</a>&nbsp;&nbsp;&nbsp;DjiDataSubscriptionParamConfig_Get
<LI><a href="#[171]">&gt;&gt;</a>&nbsp;&nbsp;&nbsp;DjiLogger_Output
<LI><a href="#[241]">&gt;&gt;</a>&nbsp;&nbsp;&nbsp;DjiDataSubscriptionTopic_CallAsyncCallbackOfTopic
<LI><a href="#[240]">&gt;&gt;</a>&nbsp;&nbsp;&nbsp;DjiDataSubscriptionPublisher_FindPackageByIndex
<LI><a href="#[23d]">&gt;&gt;</a>&nbsp;&nbsp;&nbsp;DjiDataSubscriptionTopic_UpdateDataForTopic
<LI><a href="#[215]">&gt;&gt;</a>&nbsp;&nbsp;&nbsp;DjiDataSubscriptionPublisher_GetPublishersInfoOfM300
<LI><a href="#[214]">&gt;&gt;</a>&nbsp;&nbsp;&nbsp;DjiDataSubscriptionPublisher_GetPublishersInfoOfM200V2
<LI><a href="#[16f]">&gt;&gt;</a>&nbsp;&nbsp;&nbsp;__aeabi_memclr4
<LI><a href="#[19a]">&gt;&gt;</a>&nbsp;&nbsp;&nbsp;__aeabi_memcpy
</UL>
<BR>[Address Reference Count : 1]<UL><LI> dji_data_subscription_publisher.o(.data)
</UL>
<P><STRONG><a name="[2b5]"></a>DjiProtocol_sdkGetSessionId</STRONG> (Thumb, 204 bytes, Stack size 32 bytes, dji_protocol_sdk.o(i.DjiProtocol_sdkGetSessionId))
<BR><BR>[Stack]<UL><LI>Max Depth = 32<LI>Call Chain = DjiProtocol_sdkGetSessionId
</UL>
<BR>[Called By]<UL><LI><a href="#[135]">&gt;&gt;</a>&nbsp;&nbsp;&nbsp;DjiProtocol_sdkPack
</UL>

<P><STRONG><a name="[2b8]"></a>DjijProtocol_sdkFindSessionId</STRONG> (Thumb, 86 bytes, Stack size 20 bytes, dji_protocol_sdk.o(i.DjijProtocol_sdkFindSessionId))
<BR><BR>[Stack]<UL><LI>Max Depth = 20<LI>Call Chain = DjijProtocol_sdkFindSessionId
</UL>
<BR>[Called By]<UL><LI><a href="#[136]">&gt;&gt;</a>&nbsp;&nbsp;&nbsp;DjiProtocol_sdkUnpack
</UL>

<P><STRONG><a name="[40]"></a>DjiDataSubscriptionOps_AddPackageDb2ByOPSync</STRONG> (Thumb, 448 bytes, Stack size 104 bytes, dji_data_subscription_ops.o(i.DjiDataSubscriptionOps_AddPackageDb2ByOPSync))
<BR><BR>[Stack]<UL><LI>Max Depth = 544<LI>Call Chain = DjiDataSubscriptionOps_AddPackageDb2ByOPSync &rArr; DjiCommand_SendSync &rArr; DjiCommand_SendAsync &rArr; DjiCommand_Send &rArr; DjiLinker_SendMsg &rArr; DjiLogger_Output &rArr; __2snprintf
</UL>
<BR>[Calls]<UL><LI><a href="#[16e]">&gt;&gt;</a>&nbsp;&nbsp;&nbsp;DjiPlatform_GetOsalHandler
<LI><a href="#[171]">&gt;&gt;</a>&nbsp;&nbsp;&nbsp;DjiLogger_Output
<LI><a href="#[182]">&gt;&gt;</a>&nbsp;&nbsp;&nbsp;DjiCommand_SendSync
<LI><a href="#[195]">&gt;&gt;</a>&nbsp;&nbsp;&nbsp;DjiCommand_GetSeqNum
<LI><a href="#[181]">&gt;&gt;</a>&nbsp;&nbsp;&nbsp;DjiAccessAdapter_GetCmdHandle
<LI><a href="#[23a]">&gt;&gt;</a>&nbsp;&nbsp;&nbsp;DjiDataSubscription_GenerateUidListByTopicList
<LI><a href="#[144]">&gt;&gt;</a>&nbsp;&nbsp;&nbsp;__aeabi_memclr
</UL>
<BR>[Address Reference Count : 1]<UL><LI> dji_data_subscription_ops.o(.data)
</UL>
<P><STRONG><a name="[3c]"></a>DjiDataSubscriptionOps_AddPackageDb2ByV1Sync</STRONG> (Thumb, 520 bytes, Stack size 144 bytes, dji_data_subscription_ops.o(i.DjiDataSubscriptionOps_AddPackageDb2ByV1Sync))
<BR><BR>[Stack]<UL><LI>Max Depth = 584<LI>Call Chain = DjiDataSubscriptionOps_AddPackageDb2ByV1Sync &rArr; DjiCommand_SendSync &rArr; DjiCommand_SendAsync &rArr; DjiCommand_Send &rArr; DjiLinker_SendMsg &rArr; DjiLogger_Output &rArr; __2snprintf
</UL>
<BR>[Calls]<UL><LI><a href="#[16e]">&gt;&gt;</a>&nbsp;&nbsp;&nbsp;DjiPlatform_GetOsalHandler
<LI><a href="#[213]">&gt;&gt;</a>&nbsp;&nbsp;&nbsp;DjiDataSubscriptionParamConfig_Get
<LI><a href="#[171]">&gt;&gt;</a>&nbsp;&nbsp;&nbsp;DjiLogger_Output
<LI><a href="#[182]">&gt;&gt;</a>&nbsp;&nbsp;&nbsp;DjiCommand_SendSync
<LI><a href="#[195]">&gt;&gt;</a>&nbsp;&nbsp;&nbsp;DjiCommand_GetSeqNum
<LI><a href="#[181]">&gt;&gt;</a>&nbsp;&nbsp;&nbsp;DjiAccessAdapter_GetCmdHandle
<LI><a href="#[23a]">&gt;&gt;</a>&nbsp;&nbsp;&nbsp;DjiDataSubscription_GenerateUidListByTopicList
<LI><a href="#[16f]">&gt;&gt;</a>&nbsp;&nbsp;&nbsp;__aeabi_memclr4
<LI><a href="#[144]">&gt;&gt;</a>&nbsp;&nbsp;&nbsp;__aeabi_memclr
</UL>
<BR>[Address Reference Count : 1]<UL><LI> dji_data_subscription_ops.o(.data)
</UL>
<P><STRONG><a name="[41]"></a>DjiDataSubscriptionOps_RemovePackageDb2ByOPSync</STRONG> (Thumb, 192 bytes, Stack size 72 bytes, dji_data_subscription_ops.o(i.DjiDataSubscriptionOps_RemovePackageDb2ByOPSync))
<BR><BR>[Stack]<UL><LI>Max Depth = 512<LI>Call Chain = DjiDataSubscriptionOps_RemovePackageDb2ByOPSync &rArr; DjiCommand_SendSync &rArr; DjiCommand_SendAsync &rArr; DjiCommand_Send &rArr; DjiLinker_SendMsg &rArr; DjiLogger_Output &rArr; __2snprintf
</UL>
<BR>[Calls]<UL><LI><a href="#[171]">&gt;&gt;</a>&nbsp;&nbsp;&nbsp;DjiLogger_Output
<LI><a href="#[182]">&gt;&gt;</a>&nbsp;&nbsp;&nbsp;DjiCommand_SendSync
<LI><a href="#[195]">&gt;&gt;</a>&nbsp;&nbsp;&nbsp;DjiCommand_GetSeqNum
<LI><a href="#[181]">&gt;&gt;</a>&nbsp;&nbsp;&nbsp;DjiAccessAdapter_GetCmdHandle
</UL>
<BR>[Address Reference Count : 1]<UL><LI> dji_data_subscription_ops.o(.data)
</UL>
<P><STRONG><a name="[3d]"></a>DjiDataSubscriptionOps_RemovePackageDb2ByV1Sync</STRONG> (Thumb, 274 bytes, Stack size 120 bytes, dji_data_subscription_ops.o(i.DjiDataSubscriptionOps_RemovePackageDb2ByV1Sync))
<BR><BR>[Stack]<UL><LI>Max Depth = 560<LI>Call Chain = DjiDataSubscriptionOps_RemovePackageDb2ByV1Sync &rArr; DjiCommand_SendSync &rArr; DjiCommand_SendAsync &rArr; DjiCommand_Send &rArr; DjiLinker_SendMsg &rArr; DjiLogger_Output &rArr; __2snprintf
</UL>
<BR>[Calls]<UL><LI><a href="#[213]">&gt;&gt;</a>&nbsp;&nbsp;&nbsp;DjiDataSubscriptionParamConfig_Get
<LI><a href="#[171]">&gt;&gt;</a>&nbsp;&nbsp;&nbsp;DjiLogger_Output
<LI><a href="#[182]">&gt;&gt;</a>&nbsp;&nbsp;&nbsp;DjiCommand_SendSync
<LI><a href="#[195]">&gt;&gt;</a>&nbsp;&nbsp;&nbsp;DjiCommand_GetSeqNum
<LI><a href="#[181]">&gt;&gt;</a>&nbsp;&nbsp;&nbsp;DjiAccessAdapter_GetCmdHandle
<LI><a href="#[16f]">&gt;&gt;</a>&nbsp;&nbsp;&nbsp;__aeabi_memclr4
</UL>
<BR>[Address Reference Count : 1]<UL><LI> dji_data_subscription_ops.o(.data)
</UL>
<P><STRONG><a name="[3f]"></a>DjiDataSubscriptionOps_ResetPublisherDb2ByOPSync</STRONG> (Thumb, 184 bytes, Stack size 72 bytes, dji_data_subscription_ops.o(i.DjiDataSubscriptionOps_ResetPublisherDb2ByOPSync))
<BR><BR>[Stack]<UL><LI>Max Depth = 512<LI>Call Chain = DjiDataSubscriptionOps_ResetPublisherDb2ByOPSync &rArr; DjiCommand_SendSync &rArr; DjiCommand_SendAsync &rArr; DjiCommand_Send &rArr; DjiLinker_SendMsg &rArr; DjiLogger_Output &rArr; __2snprintf
</UL>
<BR>[Calls]<UL><LI><a href="#[171]">&gt;&gt;</a>&nbsp;&nbsp;&nbsp;DjiLogger_Output
<LI><a href="#[182]">&gt;&gt;</a>&nbsp;&nbsp;&nbsp;DjiCommand_SendSync
<LI><a href="#[195]">&gt;&gt;</a>&nbsp;&nbsp;&nbsp;DjiCommand_GetSeqNum
<LI><a href="#[181]">&gt;&gt;</a>&nbsp;&nbsp;&nbsp;DjiAccessAdapter_GetCmdHandle
</UL>
<BR>[Address Reference Count : 1]<UL><LI> dji_data_subscription_ops.o(.data)
</UL>
<P><STRONG><a name="[3b]"></a>DjiDataSubscriptionOps_ResetPublisherDb2ByV1Sync</STRONG> (Thumb, 256 bytes, Stack size 112 bytes, dji_data_subscription_ops.o(i.DjiDataSubscriptionOps_ResetPublisherDb2ByV1Sync))
<BR><BR>[Stack]<UL><LI>Max Depth = 552<LI>Call Chain = DjiDataSubscriptionOps_ResetPublisherDb2ByV1Sync &rArr; DjiCommand_SendSync &rArr; DjiCommand_SendAsync &rArr; DjiCommand_Send &rArr; DjiLinker_SendMsg &rArr; DjiLogger_Output &rArr; __2snprintf
</UL>
<BR>[Calls]<UL><LI><a href="#[213]">&gt;&gt;</a>&nbsp;&nbsp;&nbsp;DjiDataSubscriptionParamConfig_Get
<LI><a href="#[171]">&gt;&gt;</a>&nbsp;&nbsp;&nbsp;DjiLogger_Output
<LI><a href="#[182]">&gt;&gt;</a>&nbsp;&nbsp;&nbsp;DjiCommand_SendSync
<LI><a href="#[195]">&gt;&gt;</a>&nbsp;&nbsp;&nbsp;DjiCommand_GetSeqNum
<LI><a href="#[181]">&gt;&gt;</a>&nbsp;&nbsp;&nbsp;DjiAccessAdapter_GetCmdHandle
<LI><a href="#[16f]">&gt;&gt;</a>&nbsp;&nbsp;&nbsp;__aeabi_memclr4
</UL>
<BR>[Address Reference Count : 1]<UL><LI> dji_data_subscription_ops.o(.data)
</UL>
<P><STRONG><a name="[3e]"></a>DjiDataSubscriptionOps_VerifyPublisherDb2ByOPSync</STRONG> (Thumb, 190 bytes, Stack size 72 bytes, dji_data_subscription_ops.o(i.DjiDataSubscriptionOps_VerifyPublisherDb2ByOPSync))
<BR><BR>[Stack]<UL><LI>Max Depth = 512<LI>Call Chain = DjiDataSubscriptionOps_VerifyPublisherDb2ByOPSync &rArr; DjiCommand_SendSync &rArr; DjiCommand_SendAsync &rArr; DjiCommand_Send &rArr; DjiLinker_SendMsg &rArr; DjiLogger_Output &rArr; __2snprintf
</UL>
<BR>[Calls]<UL><LI><a href="#[171]">&gt;&gt;</a>&nbsp;&nbsp;&nbsp;DjiLogger_Output
<LI><a href="#[182]">&gt;&gt;</a>&nbsp;&nbsp;&nbsp;DjiCommand_SendSync
<LI><a href="#[195]">&gt;&gt;</a>&nbsp;&nbsp;&nbsp;DjiCommand_GetSeqNum
<LI><a href="#[181]">&gt;&gt;</a>&nbsp;&nbsp;&nbsp;DjiAccessAdapter_GetCmdHandle
</UL>
<BR>[Address Reference Count : 1]<UL><LI> dji_data_subscription_ops.o(.data)
</UL>
<P><STRONG><a name="[3a]"></a>DjiDataSubscriptionOps_VerifyPublisherDb2ByV1Sync</STRONG> (Thumb, 6 bytes, Stack size 0 bytes, dji_data_subscription_ops.o(i.DjiDataSubscriptionOps_VerifyPublisherDb2ByV1Sync))
<BR>[Address Reference Count : 1]<UL><LI> dji_data_subscription_ops.o(.data)
</UL>
<P><STRONG><a name="[23a]"></a>DjiDataSubscription_GenerateUidListByTopicList</STRONG> (Thumb, 136 bytes, Stack size 56 bytes, dji_data_subscription_ops.o(i.DjiDataSubscription_GenerateUidListByTopicList))
<BR><BR>[Stack]<UL><LI>Max Depth = 272<LI>Call Chain = DjiDataSubscription_GenerateUidListByTopicList &rArr; DjiError_GetErrorMsgElements &rArr; DjiError_SearchObject &rArr; DjiLogger_Output &rArr; __2snprintf
</UL>
<BR>[Calls]<UL><LI><a href="#[171]">&gt;&gt;</a>&nbsp;&nbsp;&nbsp;DjiLogger_Output
<LI><a href="#[1a3]">&gt;&gt;</a>&nbsp;&nbsp;&nbsp;DjiError_IsSuccess
<LI><a href="#[1a4]">&gt;&gt;</a>&nbsp;&nbsp;&nbsp;DjiError_GetErrorMsgElements
</UL>
<BR>[Called By]<UL><LI><a href="#[3c]">&gt;&gt;</a>&nbsp;&nbsp;&nbsp;DjiDataSubscriptionOps_AddPackageDb2ByV1Sync
<LI><a href="#[40]">&gt;&gt;</a>&nbsp;&nbsp;&nbsp;DjiDataSubscriptionOps_AddPackageDb2ByOPSync
</UL>

<P><STRONG><a name="[3b3]"></a>des3_set2key</STRONG> (Thumb, 134 bytes, Stack size 16 bytes, des.o(i.des3_set2key))
<BR><BR>[Stack]<UL><LI>Max Depth = 52<LI>Call Chain = des3_set2key &rArr; mbedtls_des_setkey
</UL>
<BR>[Calls]<UL><LI><a href="#[3b4]">&gt;&gt;</a>&nbsp;&nbsp;&nbsp;mbedtls_des_setkey
</UL>
<BR>[Called By]<UL><LI><a href="#[3c0]">&gt;&gt;</a>&nbsp;&nbsp;&nbsp;mbedtls_des3_set2key_enc
<LI><a href="#[3bc]">&gt;&gt;</a>&nbsp;&nbsp;&nbsp;mbedtls_des3_set2key_dec
</UL>

<P><STRONG><a name="[3b5]"></a>des3_set3key</STRONG> (Thumb, 140 bytes, Stack size 16 bytes, des.o(i.des3_set3key))
<BR><BR>[Stack]<UL><LI>Max Depth = 52<LI>Call Chain = des3_set3key &rArr; mbedtls_des_setkey
</UL>
<BR>[Calls]<UL><LI><a href="#[3b4]">&gt;&gt;</a>&nbsp;&nbsp;&nbsp;mbedtls_des_setkey
</UL>
<BR>[Called By]<UL><LI><a href="#[3c1]">&gt;&gt;</a>&nbsp;&nbsp;&nbsp;mbedtls_des3_set3key_enc
<LI><a href="#[3bd]">&gt;&gt;</a>&nbsp;&nbsp;&nbsp;mbedtls_des3_set3key_dec
</UL>

<P><STRONG><a name="[3ca]"></a>mbedtls_zeroize</STRONG> (Thumb, 16 bytes, Stack size 0 bytes, des.o(i.mbedtls_zeroize))
<BR><BR>[Called By]<UL><LI><a href="#[3c6]">&gt;&gt;</a>&nbsp;&nbsp;&nbsp;mbedtls_des_free
<LI><a href="#[3c1]">&gt;&gt;</a>&nbsp;&nbsp;&nbsp;mbedtls_des3_set3key_enc
<LI><a href="#[3bd]">&gt;&gt;</a>&nbsp;&nbsp;&nbsp;mbedtls_des3_set3key_dec
<LI><a href="#[3c0]">&gt;&gt;</a>&nbsp;&nbsp;&nbsp;mbedtls_des3_set2key_enc
<LI><a href="#[3bc]">&gt;&gt;</a>&nbsp;&nbsp;&nbsp;mbedtls_des3_set2key_dec
<LI><a href="#[3bf]">&gt;&gt;</a>&nbsp;&nbsp;&nbsp;mbedtls_des3_free
</UL>

<P><STRONG><a name="[390]"></a>_fp_digits</STRONG> (Thumb, 366 bytes, Stack size 64 bytes, printfa.o(i._fp_digits), UNUSED)
<BR><BR>[Calls]<UL><LI><a href="#[391]">&gt;&gt;</a>&nbsp;&nbsp;&nbsp;__aeabi_cdrcmple
<LI><a href="#[151]">&gt;&gt;</a>&nbsp;&nbsp;&nbsp;__aeabi_ddiv
<LI><a href="#[14a]">&gt;&gt;</a>&nbsp;&nbsp;&nbsp;__aeabi_dadd
<LI><a href="#[150]">&gt;&gt;</a>&nbsp;&nbsp;&nbsp;__aeabi_dmul
<LI><a href="#[140]">&gt;&gt;</a>&nbsp;&nbsp;&nbsp;__aeabi_uldivmod
<LI><a href="#[161]">&gt;&gt;</a>&nbsp;&nbsp;&nbsp;__aeabi_d2ulz
</UL>
<BR>[Called By]<UL><LI><a href="#[38a]">&gt;&gt;</a>&nbsp;&nbsp;&nbsp;_printf_core
</UL>

<P><STRONG><a name="[38a]"></a>_printf_core</STRONG> (Thumb, 1704 bytes, Stack size 136 bytes, printfa.o(i._printf_core), UNUSED)
<BR><BR>[Calls]<UL><LI><a href="#[140]">&gt;&gt;</a>&nbsp;&nbsp;&nbsp;__aeabi_uldivmod
<LI><a href="#[394]">&gt;&gt;</a>&nbsp;&nbsp;&nbsp;__aeabi_uidivmod
<LI><a href="#[392]">&gt;&gt;</a>&nbsp;&nbsp;&nbsp;_printf_pre_padding
<LI><a href="#[393]">&gt;&gt;</a>&nbsp;&nbsp;&nbsp;_printf_post_padding
<LI><a href="#[390]">&gt;&gt;</a>&nbsp;&nbsp;&nbsp;_fp_digits
</UL>
<BR>[Called By]<UL><LI><a href="#[38d]">&gt;&gt;</a>&nbsp;&nbsp;&nbsp;__0vsnprintf
<LI><a href="#[38c]">&gt;&gt;</a>&nbsp;&nbsp;&nbsp;__0sprintf
<LI><a href="#[38b]">&gt;&gt;</a>&nbsp;&nbsp;&nbsp;__0snprintf
<LI><a href="#[389]">&gt;&gt;</a>&nbsp;&nbsp;&nbsp;__0printf
</UL>

<P><STRONG><a name="[393]"></a>_printf_post_padding</STRONG> (Thumb, 36 bytes, Stack size 24 bytes, printfa.o(i._printf_post_padding), UNUSED)
<BR><BR>[Called By]<UL><LI><a href="#[38a]">&gt;&gt;</a>&nbsp;&nbsp;&nbsp;_printf_core
</UL>

<P><STRONG><a name="[392]"></a>_printf_pre_padding</STRONG> (Thumb, 46 bytes, Stack size 24 bytes, printfa.o(i._printf_pre_padding), UNUSED)
<BR><BR>[Called By]<UL><LI><a href="#[38a]">&gt;&gt;</a>&nbsp;&nbsp;&nbsp;_printf_core
</UL>

<P><STRONG><a name="[d5]"></a>_snputc</STRONG> (Thumb, 22 bytes, Stack size 0 bytes, printfa.o(i._snputc))
<BR>[Address Reference Count : 2]<UL><LI> printfa.o(i.__0vsnprintf)
<LI> printfa.o(i.__0snprintf)
</UL>
<P><STRONG><a name="[d6]"></a>_sputc</STRONG> (Thumb, 10 bytes, Stack size 0 bytes, printfa.o(i._sputc))
<BR><BR>[Called By]<UL><LI><a href="#[38c]">&gt;&gt;</a>&nbsp;&nbsp;&nbsp;__0sprintf
</UL>
<BR>[Address Reference Count : 1]<UL><LI> printfa.o(i.__0sprintf)
</UL>
<P><STRONG><a name="[38e]"></a>internal_alloc</STRONG> (Thumb, 76 bytes, Stack size 24 bytes, mallocr.o(i.internal_alloc))
<BR><BR>[Stack]<UL><LI>Max Depth = 32<LI>Call Chain = internal_alloc &rArr; __aeabi_memcpy
</UL>
<BR>[Calls]<UL><LI><a href="#[19a]">&gt;&gt;</a>&nbsp;&nbsp;&nbsp;__aeabi_memcpy
</UL>
<BR>[Called By]<UL><LI><a href="#[44]">&gt;&gt;</a>&nbsp;&nbsp;&nbsp;realloc
<LI><a href="#[42]">&gt;&gt;</a>&nbsp;&nbsp;&nbsp;malloc
</UL>

<P><STRONG><a name="[158]"></a>_fp_value</STRONG> (Thumb, 296 bytes, Stack size 64 bytes, scanf_fp.o(.text), UNUSED)
<BR><BR>[Calls]<UL><LI><a href="#[151]">&gt;&gt;</a>&nbsp;&nbsp;&nbsp;__aeabi_ddiv
<LI><a href="#[150]">&gt;&gt;</a>&nbsp;&nbsp;&nbsp;__aeabi_dmul
<LI><a href="#[159]">&gt;&gt;</a>&nbsp;&nbsp;&nbsp;__aeabi_ul2d
</UL>
<BR>[Called By]<UL><LI><a href="#[15a]">&gt;&gt;</a>&nbsp;&nbsp;&nbsp;_scanf_really_real
</UL>

<P><STRONG><a name="[15c]"></a>_local_sscanf</STRONG> (Thumb, 54 bytes, Stack size 56 bytes, strtod.o(.text))
<BR><BR>[Stack]<UL><LI>Max Depth = 160<LI>Call Chain = _local_sscanf &rArr; _scanf_real
</UL>
<BR>[Calls]<UL><LI><a href="#[15d]">&gt;&gt;</a>&nbsp;&nbsp;&nbsp;_scanf_real
</UL>
<BR>[Called By]<UL><LI><a href="#[15e]">&gt;&gt;</a>&nbsp;&nbsp;&nbsp;__strtod_int
</UL>
<P>
<H3>
Undefined Global Symbols
</H3><HR></body></html>
